Archive member included to satisfy reference by file (symbol)

C:/ST/STM32CubeIDE_1.13.1/STM32CubeIDE/plugins/com.st.stm32cube.ide.mcu.externaltools.gnu-tools-for-stm32.11.3.rel1.win32_1.1.0.202305231506/tools/bin/../lib/gcc/arm-none-eabi/11.3.1/../../../../arm-none-eabi/lib/thumb/v7e-m+fp/hard\libc_nano.a(libc_a-exit.o)
                              C:/ST/STM32CubeIDE_1.13.1/STM32CubeIDE/plugins/com.st.stm32cube.ide.mcu.externaltools.gnu-tools-for-stm32.11.3.rel1.win32_1.1.0.202305231506/tools/bin/../lib/gcc/arm-none-eabi/11.3.1/../../../../arm-none-eabi/lib/thumb/v7e-m+fp/hard/crt0.o (exit)
C:/ST/STM32CubeIDE_1.13.1/STM32CubeIDE/plugins/com.st.stm32cube.ide.mcu.externaltools.gnu-tools-for-stm32.11.3.rel1.win32_1.1.0.202305231506/tools/bin/../lib/gcc/arm-none-eabi/11.3.1/../../../../arm-none-eabi/lib/thumb/v7e-m+fp/hard\libc_nano.a(libc_a-malloc.o)
                              ./Monitor_core/max30100.o (malloc)
C:/ST/STM32CubeIDE_1.13.1/STM32CubeIDE/plugins/com.st.stm32cube.ide.mcu.externaltools.gnu-tools-for-stm32.11.3.rel1.win32_1.1.0.202305231506/tools/bin/../lib/gcc/arm-none-eabi/11.3.1/../../../../arm-none-eabi/lib/thumb/v7e-m+fp/hard\libc_nano.a(libc_a-mallocr.o)
                              C:/ST/STM32CubeIDE_1.13.1/STM32CubeIDE/plugins/com.st.stm32cube.ide.mcu.externaltools.gnu-tools-for-stm32.11.3.rel1.win32_1.1.0.202305231506/tools/bin/../lib/gcc/arm-none-eabi/11.3.1/../../../../arm-none-eabi/lib/thumb/v7e-m+fp/hard\libc_nano.a(libc_a-malloc.o) (_malloc_r)
C:/ST/STM32CubeIDE_1.13.1/STM32CubeIDE/plugins/com.st.stm32cube.ide.mcu.externaltools.gnu-tools-for-stm32.11.3.rel1.win32_1.1.0.202305231506/tools/bin/../lib/gcc/arm-none-eabi/11.3.1/../../../../arm-none-eabi/lib/thumb/v7e-m+fp/hard\libc_nano.a(libc_a-mlock.o)
                              C:/ST/STM32CubeIDE_1.13.1/STM32CubeIDE/plugins/com.st.stm32cube.ide.mcu.externaltools.gnu-tools-for-stm32.11.3.rel1.win32_1.1.0.202305231506/tools/bin/../lib/gcc/arm-none-eabi/11.3.1/../../../../arm-none-eabi/lib/thumb/v7e-m+fp/hard\libc_nano.a(libc_a-mallocr.o) (__malloc_lock)
C:/ST/STM32CubeIDE_1.13.1/STM32CubeIDE/plugins/com.st.stm32cube.ide.mcu.externaltools.gnu-tools-for-stm32.11.3.rel1.win32_1.1.0.202305231506/tools/bin/../lib/gcc/arm-none-eabi/11.3.1/../../../../arm-none-eabi/lib/thumb/v7e-m+fp/hard\libc_nano.a(libc_a-findfp.o)
                              C:/ST/STM32CubeIDE_1.13.1/STM32CubeIDE/plugins/com.st.stm32cube.ide.mcu.externaltools.gnu-tools-for-stm32.11.3.rel1.win32_1.1.0.202305231506/tools/bin/../lib/gcc/arm-none-eabi/11.3.1/../../../../arm-none-eabi/lib/thumb/v7e-m+fp/hard\libc_nano.a(libc_a-exit.o) (__stdio_exit_handler)
C:/ST/STM32CubeIDE_1.13.1/STM32CubeIDE/plugins/com.st.stm32cube.ide.mcu.externaltools.gnu-tools-for-stm32.11.3.rel1.win32_1.1.0.202305231506/tools/bin/../lib/gcc/arm-none-eabi/11.3.1/../../../../arm-none-eabi/lib/thumb/v7e-m+fp/hard\libc_nano.a(libc_a-fwalk.o)
                              C:/ST/STM32CubeIDE_1.13.1/STM32CubeIDE/plugins/com.st.stm32cube.ide.mcu.externaltools.gnu-tools-for-stm32.11.3.rel1.win32_1.1.0.202305231506/tools/bin/../lib/gcc/arm-none-eabi/11.3.1/../../../../arm-none-eabi/lib/thumb/v7e-m+fp/hard\libc_nano.a(libc_a-findfp.o) (_fwalk_sglue)
C:/ST/STM32CubeIDE_1.13.1/STM32CubeIDE/plugins/com.st.stm32cube.ide.mcu.externaltools.gnu-tools-for-stm32.11.3.rel1.win32_1.1.0.202305231506/tools/bin/../lib/gcc/arm-none-eabi/11.3.1/../../../../arm-none-eabi/lib/thumb/v7e-m+fp/hard\libc_nano.a(libc_a-snprintf.o)
                              ./Monitor_core/mlx90614.o (snprintf)
C:/ST/STM32CubeIDE_1.13.1/STM32CubeIDE/plugins/com.st.stm32cube.ide.mcu.externaltools.gnu-tools-for-stm32.11.3.rel1.win32_1.1.0.202305231506/tools/bin/../lib/gcc/arm-none-eabi/11.3.1/../../../../arm-none-eabi/lib/thumb/v7e-m+fp/hard\libc_nano.a(libc_a-sprintf.o)
                              ./Monitor_core/mlx90614.o (sprintf)
C:/ST/STM32CubeIDE_1.13.1/STM32CubeIDE/plugins/com.st.stm32cube.ide.mcu.externaltools.gnu-tools-for-stm32.11.3.rel1.win32_1.1.0.202305231506/tools/bin/../lib/gcc/arm-none-eabi/11.3.1/../../../../arm-none-eabi/lib/thumb/v7e-m+fp/hard\libc_nano.a(libc_a-stdio.o)
                              C:/ST/STM32CubeIDE_1.13.1/STM32CubeIDE/plugins/com.st.stm32cube.ide.mcu.externaltools.gnu-tools-for-stm32.11.3.rel1.win32_1.1.0.202305231506/tools/bin/../lib/gcc/arm-none-eabi/11.3.1/../../../../arm-none-eabi/lib/thumb/v7e-m+fp/hard\libc_nano.a(libc_a-findfp.o) (__sread)
C:/ST/STM32CubeIDE_1.13.1/STM32CubeIDE/plugins/com.st.stm32cube.ide.mcu.externaltools.gnu-tools-for-stm32.11.3.rel1.win32_1.1.0.202305231506/tools/bin/../lib/gcc/arm-none-eabi/11.3.1/../../../../arm-none-eabi/lib/thumb/v7e-m+fp/hard\libc_nano.a(libc_a-memset.o)
                              C:/ST/STM32CubeIDE_1.13.1/STM32CubeIDE/plugins/com.st.stm32cube.ide.mcu.externaltools.gnu-tools-for-stm32.11.3.rel1.win32_1.1.0.202305231506/tools/bin/../lib/gcc/arm-none-eabi/11.3.1/../../../../arm-none-eabi/lib/thumb/v7e-m+fp/hard/crt0.o (memset)
[...]
Memory Configuration

Name             Origin             Length             Attributes
RAM              0x0000000020000000 0x0000000000020000 xrw
FLASH            0x0000000008000000 0x0000000000080000 xr
*default*        0x0000000000000000 0xffffffffffffffff

Linker script and memory map

LOAD C:/ST/STM32CubeIDE_1.13.1/STM32CubeIDE/plugins/com.st.stm32cube.ide.mcu.externaltools.gnu-tools-for-stm32.11.3.rel1.win32_1.1.0.202305231506/tools/bin/../lib/gcc/arm-none-eabi/11.3.1/thumb/v7e-m+fp/hard/crti.o
LOAD C:/ST/STM32CubeIDE_1.13.1/STM32CubeIDE/plugins/com.st.stm32cube.ide.mcu.externaltools.gnu-tools-for-stm32.11.3.rel1.win32_1.1.0.202305231506/tools/bin/../lib/gcc/arm-none-eabi/11.3.1/thumb/v7e-m+fp/hard/crtbegin.o
LOAD C:/ST/STM32CubeIDE_1.13.1/STM32CubeIDE/plugins/com.st.stm32cube.ide.mcu.externaltools.gnu-tools-for-stm32.11.3.rel1.win32_1.1.0.202305231506/tools/bin/../lib/gcc/arm-none-eabi/11.3.1/../../../../arm-none-eabi/lib/thumb/v7e-m+fp/hard/crt0.o
LOAD ./Core/Src/main.o
LOAD ./Core/Src/stm32f4xx_hal_msp.o
LOAD ./Core/Src/stm32f4xx_hal_timebase_tim.o
LOAD ./Core/Src/stm32f4xx_it.o
LOAD ./Core/Src/syscalls.o
LOAD ./Core/Src/sysmem.o
LOAD ./Core/Src/system_stm32f4xx.o
LOAD ./Core/Startup/startup_stm32f446retx.o
LOAD ./Drivers/STM32F4xx_HAL_Driver/Src/stm32f4xx_hal.o
LOAD ./Drivers/STM32F4xx_HAL_Driver/Src/stm32f4xx_hal_adc.o
LOAD ./Drivers/STM32F4xx_HAL_Driver/Src/stm32f4xx_hal_adc_ex.o
LOAD ./Drivers/STM32F4xx_HAL_Driver/Src/stm32f4xx_hal_cortex.o
LOAD ./Drivers/STM32F4xx_HAL_Driver/Src/stm32f4xx_hal_crc.o
LOAD ./Drivers/STM32F4xx_HAL_Driver/Src/stm32f4xx_hal_dma.o
LOAD ./Drivers/STM32F4xx_HAL_Driver/Src/stm32f4xx_hal_dma_ex.o
LOAD ./Drivers/STM32F4xx_HAL_Driver/Src/stm32f4xx_hal_exti.o
LOAD ./Drivers/STM32F4xx_HAL_Driver/Src/stm32f4xx_hal_flash.o
LOAD ./Drivers/STM32F4xx_HAL_Driver/Src/stm32f4xx_hal_flash_ex.o
LOAD ./Drivers/STM32F4xx_HAL_Driver/Src/stm32f4xx_hal_flash_ramfunc.o
LOAD ./Drivers/STM32F4xx_HAL_Driver/Src/stm32f4xx_hal_gpio.o
LOAD ./Drivers/STM32F4xx_HAL_Driver/Src/stm32f4xx_hal_i2c.o
LOAD ./Drivers/STM32F4xx_HAL_Driver/Src/stm32f4xx_hal_i2c_ex.o
LOAD ./Drivers/STM32F4xx_HAL_Driver/Src/stm32f4xx_hal_pcd.o
LOAD ./Drivers/STM32F4xx_HAL_Driver/Src/stm32f4xx_hal_pcd_ex.o
LOAD ./Drivers/STM32F4xx_HAL_Driver/Src/stm32f4xx_hal_pwr.o
LOAD ./Drivers/STM32F4xx_HAL_Driver/Src/stm32f4xx_hal_pwr_ex.o
LOAD ./Drivers/STM32F4xx_HAL_Driver/Src/stm32f4xx_hal_rcc.o
LOAD ./Drivers/STM32F4xx_HAL_Driver/Src/stm32f4xx_hal_rcc_ex.o
LOAD ./Drivers/STM32F4xx_HAL_Driver/Src/stm32f4xx_hal_spi.o
LOAD ./Drivers/STM32F4xx_HAL_Driver/Src/stm32f4xx_hal_tim.o
LOAD ./Drivers/STM32F4xx_HAL_Driver/Src/stm32f4xx_hal_tim_ex.o
LOAD ./Drivers/STM32F4xx_HAL_Driver/Src/stm32f4xx_hal_uart.o
LOAD ./Drivers/STM32F4xx_HAL_Driver/Src/stm32f4xx_ll_adc.o
LOAD ./Drivers/STM32F4xx_HAL_Driver/Src/stm32f4xx_ll_usb.o
LOAD ./Monitor_core/eletromio_adc.o
LOAD ./Monitor_core/max30100.o
LOAD ./Monitor_core/mlx90614.o
LOAD ./Monitor_core/monitor_main.o
START GROUP
LOAD C:/ST/STM32CubeIDE_1.13.1/STM32CubeIDE/plugins/com.st.stm32cube.ide.mcu.externaltools.gnu-tools-for-stm32.11.3.rel1.win32_1.1.0.202305231506/tools/bin/../lib/gcc/arm-none-eabi/11.3.1/../../../../arm-none-eabi/lib/thumb/v7e-m+fp/hard\libstdc++_nano.a
LOAD C:/ST/STM32CubeIDE_1.13.1/STM32CubeIDE/plugins/com.st.stm32cube.ide.mcu.externaltools.gnu-tools-for-stm32.11.3.rel1.win32_1.1.0.202305231506/tools/bin/../lib/gcc/arm-none-eabi/11.3.1/../../../../arm-none-eabi/lib/thumb/v7e-m+fp/hard\libsupc++_nano.a
END GROUP
LOAD C:/ST/STM32CubeIDE_1.13.1/STM32CubeIDE/plugins/com.st.stm32cube.ide.mcu.externaltools.gnu-tools-for-stm32.11.3.rel1.win32_1.1.0.202305231506/tools/bin/../lib/gcc/arm-none-eabi/11.3.1/../../../../arm-none-eabi/lib/thumb/v7e-m+fp/hard\libstdc++_nano.a
LOAD C:/ST/STM32CubeIDE_1.13.1/STM32CubeIDE/plugins/com.st.stm32cube.ide.mcu.externaltools.gnu-tools-for-stm32.11.3.rel1.win32_1.1.0.202305231506/tools/bin/../lib/gcc/arm-none-eabi/11.3.1/../../../../arm-none-eabi/lib/thumb/v7e-m+fp/hard\libm.a
LOAD C:/ST/STM32CubeIDE_1.13.1/STM32CubeIDE/plugins/com.st.stm32cube.ide.mcu.externaltools.gnu-tools-for-stm32.11.3.rel1.win32_1.1.0.202305231506/tools/bin/../lib/gcc/arm-none-eabi/11.3.1/../../../../arm-none-eabi/lib/thumb/v7e-m+fp/hard\libc_nano.a
START GROUP
LOAD C:/ST/STM32CubeIDE_1.13.1/STM32CubeIDE/plugins/com.st.stm32cube.ide.mcu.externaltools.gnu-tools-for-stm32.11.3.rel1.win32_1.1.0.202305231506/tools/bin/../lib/gcc/arm-none-eabi/11.3.1/thumb/v7e-m+fp/hard\libgcc.a
LOAD C:/ST/STM32CubeIDE_1.13.1/STM32CubeIDE/plugins/com.st.stm32cube.ide.mcu.externaltools.gnu-tools-for-stm32.11.3.rel1.win32_1.1.0.202305231506/tools/bin/../lib/gcc/arm-none-eabi/11.3.1/../../../../arm-none-eabi/lib/thumb/v7e-m+fp/hard\libc_nano.a
END GROUP
START GROUP
LOAD C:/ST/STM32CubeIDE_1.13.1/STM32CubeIDE/plugins/com.st.stm32cube.ide.mcu.externaltools.gnu-tools-for-stm32.11.3.rel1.win32_1.1.0.202305231506/tools/bin/../lib/gcc/arm-none-eabi/11.3.1/thumb/v7e-m+fp/hard\libgcc.a
LOAD C:/ST/STM32CubeIDE_1.13.1/STM32CubeIDE/plugins/com.st.stm32cube.ide.mcu.externaltools.gnu-tools-for-stm32.11.3.rel1.win32_1.1.0.202305231506/tools/bin/../lib/gcc/arm-none-eabi/11.3.1/../../../../arm-none-eabi/lib/thumb/v7e-m+fp/hard\libc_nano.a
END GROUP
LOAD C:/ST/STM32CubeIDE_1.13.1/STM32CubeIDE/plugins/com.st.stm32cube.ide.mcu.externaltools.gnu-tools-for-stm32.11.3.rel1.win32_1.1.0.202305231506/tools/bin/../lib/gcc/arm-none-eabi/11.3.1/thumb/v7e-m+fp/hard/crtend.o
LOAD C:/ST/STM32CubeIDE_1.13.1/STM32CubeIDE/plugins/com.st.stm32cube.ide.mcu.externaltools.gnu-tools-for-stm32.11.3.rel1.win32_1.1.0.202305231506/tools/bin/../lib/gcc/arm-none-eabi/11.3.1/thumb/v7e-m+fp/hard/crtn.o
                0x0000000020020000                _estack = (ORIGIN (RAM) + LENGTH (RAM))
                0x0000000000000200                _Min_Heap_Size = 0x200
                0x0000000000000400                _Min_Stack_Size = 0x400

.isr_vector     0x0000000008000000      0x1c4
                0x0000000008000000                . = ALIGN (0x4)
 *(.isr_vector)
 .isr_vector    0x0000000008000000      0x1c4 ./Core/Startup/startup_stm32f446retx.o
                0x0000000008000000                g_pfnVectors
                0x00000000080001c4                . = ALIGN (0x4)

.text           0x00000000080001c4     0x5424
                0x00000000080001c4                . = ALIGN (0x4)
 *(.text)
 .text          0x00000000080001c4       0x40 C:/ST/STM32CubeIDE_1.13.1/STM32CubeIDE/plugins/com.st.stm32cube.ide.mcu.externaltools.gnu-tools-for-stm32.11.3.rel1.win32_1.1.0.202305231506/tools/bin/../lib/gcc/arm-none-eabi/11.3.1/thumb/v7e-m+fp/hard/crtbegin.o
 .text          0x0000000008000204       0x30 C:/ST/STM32CubeIDE_1.13.1/STM32CubeIDE/plugins/com.st.stm32cube.ide.mcu.externaltools.gnu-tools-for-stm32.11.3.rel1.win32_1.1.0.202305231506/tools/bin/../lib/gcc/arm-none-eabi/11.3.1/thumb/v7e-m+fp/hard\libgcc.a(_aeabi_uldivmod.o)
                0x0000000008000204                __aeabi_uldivmod
 .text          0x0000000008000234      0x2c8 C:/ST/STM32CubeIDE_1.13.1/STM32CubeIDE/plugins/com.st.stm32cube.ide.mcu.externaltools.gnu-tools-for-stm32.11.3.rel1.win32_1.1.0.202305231506/tools/bin/../lib/gcc/arm-none-eabi/11.3.1/thumb/v7e-m+fp/hard\libgcc.a(_udivmoddi4.o)
                0x0000000008000234                __udivmoddi4
 .text          0x00000000080004fc        0x4 C:/ST/STM32CubeIDE_1.13.1/STM32CubeIDE/plugins/com.st.stm32cube.ide.mcu.externaltools.gnu-tools-for-stm32.11.3.rel1.win32_1.1.0.202305231506/tools/bin/../lib/gcc/arm-none-eabi/11.3.1/thumb/v7e-m+fp/hard\libgcc.a(_dvmd_tls.o)
                0x00000000080004fc                __aeabi_idiv0
                0x00000000080004fc                __aeabi_ldiv0
 *(.text*)
 .text.main     0x0000000008000500       0x36 ./Core/Src/main.o
                0x0000000008000500                main
 *fill*         0x0000000008000536        0x2 
 .text.SystemClock_Config
                0x0000000008000538       0xdc ./Core/Src/main.o
                0x0000000008000538                SystemClock_Config
 .text.MX_ADC1_Init
                0x0000000008000614       0xa4 ./Core/Src/main.o
 .text.MX_CRC_Init
                0x00000000080006b8       0x28 ./Core/Src/main.o
 .text.MX_I2C2_Init
                0x00000000080006e0       0x5c ./Core/Src/main.o
 .text.MX_I2C3_Init
                0x000000000800073c       0x5c ./Core/Src/main.o
 .text.MX_SPI1_Init
                0x0000000008000798       0x6c ./Core/Src/main.o
 .text.MX_TIM3_Init
                0x0000000008000804       0xb4 ./Core/Src/main.o
 .text.MX_USART3_UART_Init
                0x00000000080008b8       0x54 ./Core/Src/main.o
 .text.MX_USB_OTG_FS_PCD_Init
                0x000000000800090c       0x5c ./Core/Src/main.o
 .text.MX_DMA_Init
                0x0000000008000968       0x50 ./Core/Src/main.o
 .text.MX_GPIO_Init
                0x00000000080009b8      0x134 ./Core/Src/main.o
 .text.HAL_TIM_PeriodElapsedCallback
                0x0000000008000aec       0x24 ./Core/Src/main.o
                0x0000000008000aec                HAL_TIM_PeriodElapsedCallback
 .text.Error_Handler
                0x0000000008000b10        0xa ./Core/Src/main.o
                0x0000000008000b10                Error_Handler
 *fill*         0x0000000008000b1a        0x2 
 .text.HAL_MspInit
                0x0000000008000b1c       0x50 ./Core/Src/stm32f4xx_hal_msp.o
                0x0000000008000b1c                HAL_MspInit
 .text.HAL_ADC_MspInit
                0x0000000008000b6c       0xf0 ./Core/Src/stm32f4xx_hal_msp.o
                0x0000000008000b6c                HAL_ADC_MspInit
 .text.HAL_CRC_MspInit
                0x0000000008000c5c       0x44 ./Core/Src/stm32f4xx_hal_msp.o
                0x0000000008000c5c                HAL_CRC_MspInit
 .text.HAL_I2C_MspInit
                0x0000000008000ca0      0x180 ./Core/Src/stm32f4xx_hal_msp.o
                0x0000000008000ca0                HAL_I2C_MspInit
 .text.HAL_SPI_MspInit
                0x0000000008000e20      0x104 ./Core/Src/stm32f4xx_hal_msp.o
                0x0000000008000e20                HAL_SPI_MspInit
 .text.HAL_TIM_PWM_MspInit
                0x0000000008000f24       0x44 ./Core/Src/stm32f4xx_hal_msp.o
                0x0000000008000f24                HAL_TIM_PWM_MspInit
 .text.HAL_TIM_MspPostInit
                0x0000000008000f68       0x74 ./Core/Src/stm32f4xx_hal_msp.o
                0x0000000008000f68                HAL_TIM_MspPostInit
 .text.HAL_UART_MspInit
                0x0000000008000fdc       0x90 ./Core/Src/stm32f4xx_hal_msp.o
                0x0000000008000fdc                HAL_UART_MspInit
 .text.HAL_PCD_MspInit
                0x000000000800106c       0xc4 ./Core/Src/stm32f4xx_hal_msp.o
                0x000000000800106c                HAL_PCD_MspInit
 .text.HAL_InitTick
                0x0000000008001130       0xe8 ./Core/Src/stm32f4xx_hal_timebase_tim.o
                0x0000000008001130                HAL_InitTick
 .text.NMI_Handler
                0x0000000008001218        0x6 ./Core/Src/stm32f4xx_it.o
                0x0000000008001218                NMI_Handler
 .text.HardFault_Handler
                0x000000000800121e        0x6 ./Core/Src/stm32f4xx_it.o
                0x000000000800121e                HardFault_Handler
 .text.MemManage_Handler
                0x0000000008001224        0x6 ./Core/Src/stm32f4xx_it.o
                0x0000000008001224                MemManage_Handler
 .text.BusFault_Handler
                0x000000000800122a        0x6 ./Core/Src/stm32f4xx_it.o
                0x000000000800122a                BusFault_Handler
 .text.UsageFault_Handler
                0x0000000008001230        0x6 ./Core/Src/stm32f4xx_it.o
                0x0000000008001230                UsageFault_Handler
 .text.SVC_Handler
                0x0000000008001236        0xe ./Core/Src/stm32f4xx_it.o
                0x0000000008001236                SVC_Handler
 .text.DebugMon_Handler
                0x0000000008001244        0xe ./Core/Src/stm32f4xx_it.o
                0x0000000008001244                DebugMon_Handler
 .text.PendSV_Handler
                0x0000000008001252        0xe ./Core/Src/stm32f4xx_it.o
                0x0000000008001252                PendSV_Handler
 .text.SysTick_Handler
                0x0000000008001260        0xe ./Core/Src/stm32f4xx_it.o
                0x0000000008001260                SysTick_Handler
 *fill*         0x000000000800126e        0x2 
 .text.TIM1_UP_TIM10_IRQHandler
                0x0000000008001270       0x14 ./Core/Src/stm32f4xx_it.o
                0x0000000008001270                TIM1_UP_TIM10_IRQHandler
 .text.SPI1_IRQHandler
                0x0000000008001284       0x14 ./Core/Src/stm32f4xx_it.o
                0x0000000008001284                SPI1_IRQHandler
 .text.DMA2_Stream0_IRQHandler
                0x0000000008001298       0x14 ./Core/Src/stm32f4xx_it.o
                0x0000000008001298                DMA2_Stream0_IRQHandler
 .text.DMA2_Stream3_IRQHandler
                0x00000000080012ac       0x14 ./Core/Src/stm32f4xx_it.o
                0x00000000080012ac                DMA2_Stream3_IRQHandler
 .text.SystemInit
                0x00000000080012c0       0x24 ./Core/Src/system_stm32f4xx.o
                0x00000000080012c0                SystemInit
 .text.Reset_Handler
                0x00000000080012e4       0x50 ./Core/Startup/startup_stm32f446retx.o
                0x00000000080012e4                Reset_Handler
 .text.Default_Handler
                0x0000000008001334        0x2 ./Core/Startup/startup_stm32f446retx.o
                0x0000000008001334                RTC_Alarm_IRQHandler
                0x0000000008001334                EXTI2_IRQHandler
                0x0000000008001334                TIM8_CC_IRQHandler
                0x0000000008001334                FMPI2C1_EV_IRQHandler
                0x0000000008001334                SPI4_IRQHandler
                0x0000000008001334                TIM1_CC_IRQHandler
                0x0000000008001334                DMA2_Stream5_IRQHandler
                0x0000000008001334                DMA1_Stream5_IRQHandler
                0x0000000008001334                PVD_IRQHandler
                0x0000000008001334                SDIO_IRQHandler
                0x0000000008001334                TAMP_STAMP_IRQHandler
                0x0000000008001334                CAN2_RX1_IRQHandler
                0x0000000008001334                EXTI3_IRQHandler
                0x0000000008001334                TIM8_TRG_COM_TIM14_IRQHandler
                0x0000000008001334                TIM8_UP_TIM13_IRQHandler
                0x0000000008001334                I2C3_ER_IRQHandler
                0x0000000008001334                EXTI0_IRQHandler
                0x0000000008001334                I2C2_EV_IRQHandler
                0x0000000008001334                DMA1_Stream2_IRQHandler
                0x0000000008001334                CAN1_RX0_IRQHandler
                0x0000000008001334                FPU_IRQHandler
                0x0000000008001334                OTG_HS_WKUP_IRQHandler
                0x0000000008001334                CAN2_SCE_IRQHandler
                0x0000000008001334                DMA2_Stream2_IRQHandler
                0x0000000008001334                TIM6_DAC_IRQHandler
                0x0000000008001334                TIM1_BRK_TIM9_IRQHandler
                0x0000000008001334                DCMI_IRQHandler
                0x0000000008001334                CAN2_RX0_IRQHandler
                0x0000000008001334                SAI2_IRQHandler
                0x0000000008001334                USART6_IRQHandler
                0x0000000008001334                USART3_IRQHandler
                0x0000000008001334                CAN1_RX1_IRQHandler
                0x0000000008001334                UART5_IRQHandler
                0x0000000008001334                TIM4_IRQHandler
                0x0000000008001334                QUADSPI_IRQHandler
                0x0000000008001334                I2C1_EV_IRQHandler
                0x0000000008001334                DMA1_Stream6_IRQHandler
                0x0000000008001334                DMA1_Stream1_IRQHandler
                0x0000000008001334                UART4_IRQHandler
                0x0000000008001334                TIM3_IRQHandler
                0x0000000008001334                RCC_IRQHandler
                0x0000000008001334                TIM8_BRK_TIM12_IRQHandler
                0x0000000008001334                Default_Handler
                0x0000000008001334                CEC_IRQHandler
                0x0000000008001334                EXTI15_10_IRQHandler
                0x0000000008001334                ADC_IRQHandler
                0x0000000008001334                DMA1_Stream7_IRQHandler
                0x0000000008001334                TIM7_IRQHandler
                0x0000000008001334                CAN2_TX_IRQHandler
                0x0000000008001334                TIM5_IRQHandler
                0x0000000008001334                DMA2_Stream7_IRQHandler
                0x0000000008001334                I2C3_EV_IRQHandler
                0x0000000008001334                EXTI9_5_IRQHandler
                0x0000000008001334                RTC_WKUP_IRQHandler
                0x0000000008001334                SPDIF_RX_IRQHandler
                0x0000000008001334                SPI2_IRQHandler
                0x0000000008001334                OTG_HS_EP1_IN_IRQHandler
                0x0000000008001334                DMA1_Stream0_IRQHandler
                0x0000000008001334                CAN1_TX_IRQHandler
                0x0000000008001334                FMPI2C1_ER_IRQHandler
                0x0000000008001334                EXTI4_IRQHandler
                0x0000000008001334                OTG_HS_EP1_OUT_IRQHandler
                0x0000000008001334                WWDG_IRQHandler
                0x0000000008001334                TIM2_IRQHandler
                0x0000000008001334                OTG_FS_WKUP_IRQHandler
                0x0000000008001334                TIM1_TRG_COM_TIM11_IRQHandler
                0x0000000008001334                OTG_HS_IRQHandler
                0x0000000008001334                EXTI1_IRQHandler
                0x0000000008001334                USART2_IRQHandler
                0x0000000008001334                I2C2_ER_IRQHandler
                0x0000000008001334                DMA2_Stream1_IRQHandler
                0x0000000008001334                CAN1_SCE_IRQHandler
                0x0000000008001334                FLASH_IRQHandler
                0x0000000008001334                DMA2_Stream4_IRQHandler
                0x0000000008001334                USART1_IRQHandler
                0x0000000008001334                OTG_FS_IRQHandler
                0x0000000008001334                SPI3_IRQHandler
                0x0000000008001334                DMA1_Stream4_IRQHandler
                0x0000000008001334                I2C1_ER_IRQHandler
                0x0000000008001334                FMC_IRQHandler
                0x0000000008001334                DMA2_Stream6_IRQHandler
                0x0000000008001334                SAI1_IRQHandler
                0x0000000008001334                DMA1_Stream3_IRQHandler
 *fill*         0x0000000008001336        0x2 
 .text.HAL_Init
                0x0000000008001338       0x44 ./Drivers/STM32F4xx_HAL_Driver/Src/stm32f4xx_hal.o
                0x0000000008001338                HAL_Init
 .text.HAL_IncTick
                0x000000000800137c       0x28 ./Drivers/STM32F4xx_HAL_Driver/Src/stm32f4xx_hal.o
                0x000000000800137c                HAL_IncTick
 .text.HAL_GetTick
                0x00000000080013a4       0x18 ./Drivers/STM32F4xx_HAL_Driver/Src/stm32f4xx_hal.o
                0x00000000080013a4                HAL_GetTick
 .text.HAL_Delay
                0x00000000080013bc       0x48 ./Drivers/STM32F4xx_HAL_Driver/Src/stm32f4xx_hal.o
                0x00000000080013bc                HAL_Delay
 .text.HAL_ADC_Init
                0x0000000008001404       0x86 ./Drivers/STM32F4xx_HAL_Driver/Src/stm32f4xx_hal_adc.o
                0x0000000008001404                HAL_ADC_Init
 *fill*         0x000000000800148a        0x2 
 .text.HAL_ADC_ConfigChannel
                0x000000000800148c      0x264 ./Drivers/STM32F4xx_HAL_Driver/Src/stm32f4xx_hal_adc.o
                0x000000000800148c                HAL_ADC_ConfigChannel
 .text.ADC_Init
                0x00000000080016f0      0x1f8 ./Drivers/STM32F4xx_HAL_Driver/Src/stm32f4xx_hal_adc.o
 .text.__NVIC_SetPriorityGrouping
                0x00000000080018e8       0x48 ./Drivers/STM32F4xx_HAL_Driver/Src/stm32f4xx_hal_cortex.o
 .text.__NVIC_GetPriorityGrouping
                0x0000000008001930       0x1c ./Drivers/STM32F4xx_HAL_Driver/Src/stm32f4xx_hal_cortex.o
 .text.__NVIC_EnableIRQ
                0x000000000800194c       0x3c ./Drivers/STM32F4xx_HAL_Driver/Src/stm32f4xx_hal_cortex.o
 .text.__NVIC_SetPriority
                0x0000000008001988       0x54 ./Drivers/STM32F4xx_HAL_Driver/Src/stm32f4xx_hal_cortex.o
 .text.NVIC_EncodePriority
                0x00000000080019dc       0x66 ./Drivers/STM32F4xx_HAL_Driver/Src/stm32f4xx_hal_cortex.o
 .text.HAL_NVIC_SetPriorityGrouping
                0x0000000008001a42       0x16 ./Drivers/STM32F4xx_HAL_Driver/Src/stm32f4xx_hal_cortex.o
                0x0000000008001a42                HAL_NVIC_SetPriorityGrouping
 .text.HAL_NVIC_SetPriority
                0x0000000008001a58       0x38 ./Drivers/STM32F4xx_HAL_Driver/Src/stm32f4xx_hal_cortex.o
                0x0000000008001a58                HAL_NVIC_SetPriority
 .text.HAL_NVIC_EnableIRQ
                0x0000000008001a90       0x1c ./Drivers/STM32F4xx_HAL_Driver/Src/stm32f4xx_hal_cortex.o
                0x0000000008001a90                HAL_NVIC_EnableIRQ
 .text.HAL_CRC_Init
                0x0000000008001aac       0x38 ./Drivers/STM32F4xx_HAL_Driver/Src/stm32f4xx_hal_crc.o
                0x0000000008001aac                HAL_CRC_Init
 .text.HAL_DMA_Init
                0x0000000008001ae4      0x15c ./Drivers/STM32F4xx_HAL_Driver/Src/stm32f4xx_hal_dma.o
                0x0000000008001ae4                HAL_DMA_Init
 .text.HAL_DMA_Abort_IT
                0x0000000008001c40       0x44 ./Drivers/STM32F4xx_HAL_Driver/Src/stm32f4xx_hal_dma.o
                0x0000000008001c40                HAL_DMA_Abort_IT
 .text.HAL_DMA_IRQHandler
                0x0000000008001c84      0x314 ./Drivers/STM32F4xx_HAL_Driver/Src/stm32f4xx_hal_dma.o
                0x0000000008001c84                HAL_DMA_IRQHandler
 .text.DMA_CalcBaseAndBitshift
                0x0000000008001f98       0x6c ./Drivers/STM32F4xx_HAL_Driver/Src/stm32f4xx_hal_dma.o
 .text.DMA_CheckFifoParam
                0x0000000008002004       0xf8 ./Drivers/STM32F4xx_HAL_Driver/Src/stm32f4xx_hal_dma.o
 .text.HAL_GPIO_Init
                0x00000000080020fc      0x328 ./Drivers/STM32F4xx_HAL_Driver/Src/stm32f4xx_hal_gpio.o
                0x00000000080020fc                HAL_GPIO_Init
 .text.HAL_GPIO_WritePin
                0x0000000008002424       0x32 ./Drivers/STM32F4xx_HAL_Driver/Src/stm32f4xx_hal_gpio.o
                0x0000000008002424                HAL_GPIO_WritePin
 *fill*         0x0000000008002456        0x2 
 .text.HAL_I2C_Init
                0x0000000008002458      0x288 ./Drivers/STM32F4xx_HAL_Driver/Src/stm32f4xx_hal_i2c.o
                0x0000000008002458                HAL_I2C_Init
 .text.HAL_PCD_Init
                0x00000000080026e0      0x248 ./Drivers/STM32F4xx_HAL_Driver/Src/stm32f4xx_hal_pcd.o
                0x00000000080026e0                HAL_PCD_Init
 .text.HAL_PCDEx_ActivateLPM
                0x0000000008002928       0x48 ./Drivers/STM32F4xx_HAL_Driver/Src/stm32f4xx_hal_pcd_ex.o
                0x0000000008002928                HAL_PCDEx_ActivateLPM
 .text.HAL_RCC_ClockConfig
                0x0000000008002970      0x1cc ./Drivers/STM32F4xx_HAL_Driver/Src/stm32f4xx_hal_rcc.o
                0x0000000008002970                HAL_RCC_ClockConfig
 .text.HAL_RCC_GetHCLKFreq
                0x0000000008002b3c       0x18 ./Drivers/STM32F4xx_HAL_Driver/Src/stm32f4xx_hal_rcc.o
                0x0000000008002b3c                HAL_RCC_GetHCLKFreq
 .text.HAL_RCC_GetPCLK1Freq
                0x0000000008002b54       0x28 ./Drivers/STM32F4xx_HAL_Driver/Src/stm32f4xx_hal_rcc.o
                0x0000000008002b54                HAL_RCC_GetPCLK1Freq
 .text.HAL_RCC_GetPCLK2Freq
                0x0000000008002b7c       0x28 ./Drivers/STM32F4xx_HAL_Driver/Src/stm32f4xx_hal_rcc.o
                0x0000000008002b7c                HAL_RCC_GetPCLK2Freq
 .text.HAL_RCC_GetClockConfig
                0x0000000008002ba4       0x64 ./Drivers/STM32F4xx_HAL_Driver/Src/stm32f4xx_hal_rcc.o
                0x0000000008002ba4                HAL_RCC_GetClockConfig
 .text.HAL_RCCEx_PeriphCLKConfig
                0x0000000008002c08      0x654 ./Drivers/STM32F4xx_HAL_Driver/Src/stm32f4xx_hal_rcc_ex.o
                0x0000000008002c08                HAL_RCCEx_PeriphCLKConfig
 .text.HAL_RCC_GetSysClockFreq
                0x000000000800325c      0x354 ./Drivers/STM32F4xx_HAL_Driver/Src/stm32f4xx_hal_rcc_ex.o
                0x000000000800325c                HAL_RCC_GetSysClockFreq
 .text.HAL_RCC_OscConfig
                0x00000000080035b0      0x53c ./Drivers/STM32F4xx_HAL_Driver/Src/stm32f4xx_hal_rcc_ex.o
                0x00000000080035b0                HAL_RCC_OscConfig
 .text.HAL_SPI_Init
                0x0000000008003aec      0x112 ./Drivers/STM32F4xx_HAL_Driver/Src/stm32f4xx_hal_spi.o
                0x0000000008003aec                HAL_SPI_Init
 *fill*         0x0000000008003bfe        0x2 
 .text.HAL_SPI_IRQHandler
                0x0000000008003c00      0x1e8 ./Drivers/STM32F4xx_HAL_Driver/Src/stm32f4xx_hal_spi.o
                0x0000000008003c00                HAL_SPI_IRQHandler
 .text.HAL_SPI_ErrorCallback
                0x0000000008003de8       0x14 ./Drivers/STM32F4xx_HAL_Driver/Src/stm32f4xx_hal_spi.o
                0x0000000008003de8                HAL_SPI_ErrorCallback
 .text.SPI_DMAAbortOnError
                0x0000000008003dfc       0x28 ./Drivers/STM32F4xx_HAL_Driver/Src/stm32f4xx_hal_spi.o
 .text.HAL_TIM_Base_Init
                0x0000000008003e24       0x9e ./Drivers/STM32F4xx_HAL_Driver/Src/stm32f4xx_hal_tim.o
                0x0000000008003e24                HAL_TIM_Base_Init
 .text.HAL_TIM_Base_MspInit
                0x0000000008003ec2       0x14 ./Drivers/STM32F4xx_HAL_Driver/Src/stm32f4xx_hal_tim.o
                0x0000000008003ec2                HAL_TIM_Base_MspInit
 *fill*         0x0000000008003ed6        0x2 
 .text.HAL_TIM_Base_Start_IT
                0x0000000008003ed8       0xe0 ./Drivers/STM32F4xx_HAL_Driver/Src/stm32f4xx_hal_tim.o
                0x0000000008003ed8                HAL_TIM_Base_Start_IT
 .text.HAL_TIM_PWM_Init
                0x0000000008003fb8       0x9e ./Drivers/STM32F4xx_HAL_Driver/Src/stm32f4xx_hal_tim.o
                0x0000000008003fb8                HAL_TIM_PWM_Init
 .text.HAL_TIM_IRQHandler
                0x0000000008004056      0x210 ./Drivers/STM32F4xx_HAL_Driver/Src/stm32f4xx_hal_tim.o
                0x0000000008004056                HAL_TIM_IRQHandler
 *fill*         0x0000000008004266        0x2 
 .text.HAL_TIM_PWM_ConfigChannel
                0x0000000008004268      0x184 ./Drivers/STM32F4xx_HAL_Driver/Src/stm32f4xx_hal_tim.o
                0x0000000008004268                HAL_TIM_PWM_ConfigChannel
 .text.HAL_TIM_OC_DelayElapsedCallback
                0x00000000080043ec       0x14 ./Drivers/STM32F4xx_HAL_Driver/Src/stm32f4xx_hal_tim.o
                0x00000000080043ec                HAL_TIM_OC_DelayElapsedCallback
 .text.HAL_TIM_IC_CaptureCallback
                0x0000000008004400       0x14 ./Drivers/STM32F4xx_HAL_Driver/Src/stm32f4xx_hal_tim.o
                0x0000000008004400                HAL_TIM_IC_CaptureCallback
 .text.HAL_TIM_PWM_PulseFinishedCallback
                0x0000000008004414       0x14 ./Drivers/STM32F4xx_HAL_Driver/Src/stm32f4xx_hal_tim.o
                0x0000000008004414                HAL_TIM_PWM_PulseFinishedCallback
 .text.HAL_TIM_TriggerCallback
                0x0000000008004428       0x14 ./Drivers/STM32F4xx_HAL_Driver/Src/stm32f4xx_hal_tim.o
                0x0000000008004428                HAL_TIM_TriggerCallback
 .text.TIM_Base_SetConfig
                0x000000000800443c      0x140 ./Drivers/STM32F4xx_HAL_Driver/Src/stm32f4xx_hal_tim.o
                0x000000000800443c                TIM_Base_SetConfig
 .text.TIM_OC1_SetConfig
                0x000000000800457c       0xe0 ./Drivers/STM32F4xx_HAL_Driver/Src/stm32f4xx_hal_tim.o
 .text.TIM_OC2_SetConfig
                0x000000000800465c       0xec ./Drivers/STM32F4xx_HAL_Driver/Src/stm32f4xx_hal_tim.o
                0x000000000800465c                TIM_OC2_SetConfig
 .text.TIM_OC3_SetConfig
                0x0000000008004748       0xe8 ./Drivers/STM32F4xx_HAL_Driver/Src/stm32f4xx_hal_tim.o
 .text.TIM_OC4_SetConfig
                0x0000000008004830       0xac ./Drivers/STM32F4xx_HAL_Driver/Src/stm32f4xx_hal_tim.o
 .text.HAL_TIMEx_MasterConfigSynchronization
                0x00000000080048dc       0xf8 ./Drivers/STM32F4xx_HAL_Driver/Src/stm32f4xx_hal_tim_ex.o
                0x00000000080048dc                HAL_TIMEx_MasterConfigSynchronization
 .text.HAL_TIMEx_CommutCallback
                0x00000000080049d4       0x14 ./Drivers/STM32F4xx_HAL_Driver/Src/stm32f4xx_hal_tim_ex.o
                0x00000000080049d4                HAL_TIMEx_CommutCallback
 .text.HAL_TIMEx_BreakCallback
                0x00000000080049e8       0x14 ./Drivers/STM32F4xx_HAL_Driver/Src/stm32f4xx_hal_tim_ex.o
                0x00000000080049e8                HAL_TIMEx_BreakCallback
 .text.HAL_UART_Init
                0x00000000080049fc       0x9a ./Drivers/STM32F4xx_HAL_Driver/Src/stm32f4xx_hal_uart.o
                0x00000000080049fc                HAL_UART_Init
 *fill*         0x0000000008004a96        0x2 
 .text.UART_SetConfig
                0x0000000008004a98      0x4e8 ./Drivers/STM32F4xx_HAL_Driver/Src/stm32f4xx_hal_uart.o
 .text.USB_CoreInit
                0x0000000008004f80       0xc2 ./Drivers/STM32F4xx_HAL_Driver/Src/stm32f4xx_ll_usb.o
                0x0000000008004f80                USB_CoreInit
 .text.USB_DisableGlobalInt
                0x0000000008005042       0x22 ./Drivers/STM32F4xx_HAL_Driver/Src/stm32f4xx_ll_usb.o
                0x0000000008005042                USB_DisableGlobalInt
 .text.USB_SetCurrentMode
                0x0000000008005064       0x98 ./Drivers/STM32F4xx_HAL_Driver/Src/stm32f4xx_ll_usb.o
                0x0000000008005064                USB_SetCurrentMode
 .text.USB_DevInit
                0x00000000080050fc      0x2bc ./Drivers/STM32F4xx_HAL_Driver/Src/stm32f4xx_ll_usb.o
                0x00000000080050fc                USB_DevInit
 .text.USB_FlushTxFifo
                0x00000000080053b8       0x68 ./Drivers/STM32F4xx_HAL_Driver/Src/stm32f4xx_ll_usb.o
                0x00000000080053b8                USB_FlushTxFifo
 .text.USB_FlushRxFifo
                0x0000000008005420       0x60 ./Drivers/STM32F4xx_HAL_Driver/Src/stm32f4xx_ll_usb.o
                0x0000000008005420                USB_FlushRxFifo
 .text.USB_SetDevSpeed
                0x0000000008005480       0x32 ./Drivers/STM32F4xx_HAL_Driver/Src/stm32f4xx_ll_usb.o
                0x0000000008005480                USB_SetDevSpeed
 .text.USB_DevDisconnect
                0x00000000080054b2       0x42 ./Drivers/STM32F4xx_HAL_Driver/Src/stm32f4xx_ll_usb.o
                0x00000000080054b2                USB_DevDisconnect
 .text.USB_GetMode
                0x00000000080054f4       0x1c ./Drivers/STM32F4xx_HAL_Driver/Src/stm32f4xx_ll_usb.o
                0x00000000080054f4                USB_GetMode
 .text.USB_CoreReset
                0x0000000008005510       0x68 ./Drivers/STM32F4xx_HAL_Driver/Src/stm32f4xx_ll_usb.o
 .text.memset   0x0000000008005578       0x10 C:/ST/STM32CubeIDE_1.13.1/STM32CubeIDE/plugins/com.st.stm32cube.ide.mcu.externaltools.gnu-tools-for-stm32.11.3.rel1.win32_1.1.0.202305231506/tools/bin/../lib/gcc/arm-none-eabi/11.3.1/../../../../arm-none-eabi/lib/thumb/v7e-m+fp/hard\libc_nano.a(libc_a-memset.o)
                0x0000000008005578                memset
 .text.__libc_init_array
                0x0000000008005588       0x48 C:/ST/STM32CubeIDE_1.13.1/STM32CubeIDE/plugins/com.st.stm32cube.ide.mcu.externaltools.gnu-tools-for-stm32.11.3.rel1.win32_1.1.0.202305231506/tools/bin/../lib/gcc/arm-none-eabi/11.3.1/../../../../arm-none-eabi/lib/thumb/v7e-m+fp/hard\libc_nano.a(libc_a-init.o)
                0x0000000008005588                __libc_init_array
 *(.glue_7)
 .glue_7        0x00000000080055d0        0x0 linker stubs
 *(.glue_7t)
 .glue_7t       0x00000000080055d0        0x0 linker stubs
 *(.eh_frame)
 .eh_frame      0x00000000080055d0        0x0 C:/ST/STM32CubeIDE_1.13.1/STM32CubeIDE/plugins/com.st.stm32cube.ide.mcu.externaltools.gnu-tools-for-stm32.11.3.rel1.win32_1.1.0.202305231506/tools/bin/../lib/gcc/arm-none-eabi/11.3.1/thumb/v7e-m+fp/hard/crtbegin.o
 *(.init)
 .init          0x00000000080055d0        0x4 C:/ST/STM32CubeIDE_1.13.1/STM32CubeIDE/plugins/com.st.stm32cube.ide.mcu.externaltools.gnu-tools-for-stm32.11.3.rel1.win32_1.1.0.202305231506/tools/bin/../lib/gcc/arm-none-eabi/11.3.1/thumb/v7e-m+fp/hard/crti.o
                0x00000000080055d0                _init
 .init          0x00000000080055d4        0x8 C:/ST/STM32CubeIDE_1.13.1/STM32CubeIDE/plugins/com.st.stm32cube.ide.mcu.externaltools.gnu-tools-for-stm32.11.3.rel1.win32_1.1.0.202305231506/tools/bin/../lib/gcc/arm-none-eabi/11.3.1/thumb/v7e-m+fp/hard/crtn.o
 *(.fini)
 .fini          0x00000000080055dc        0x4 C:/ST/STM32CubeIDE_1.13.1/STM32CubeIDE/plugins/com.st.stm32cube.ide.mcu.externaltools.gnu-tools-for-stm32.11.3.rel1.win32_1.1.0.202305231506/tools/bin/../lib/gcc/arm-none-eabi/11.3.1/thumb/v7e-m+fp/hard/crti.o
                0x00000000080055dc                _fini
 .fini          0x00000000080055e0        0x8 C:/ST/STM32CubeIDE_1.13.1/STM32CubeIDE/plugins/com.st.stm32cube.ide.mcu.externaltools.gnu-tools-for-stm32.11.3.rel1.win32_1.1.0.202305231506/tools/bin/../lib/gcc/arm-none-eabi/11.3.1/thumb/v7e-m+fp/hard/crtn.o
                0x00000000080055e8                . = ALIGN (0x4)
                0x00000000080055e8                _etext = .

.vfp11_veneer   0x00000000080055e8        0x0
 .vfp11_veneer  0x00000000080055e8        0x0 linker stubs

.v4_bx          0x00000000080055e8        0x0
 .v4_bx         0x00000000080055e8        0x0 linker stubs

.iplt           0x00000000080055e8        0x0
 .iplt          0x00000000080055e8        0x0 C:/ST/STM32CubeIDE_1.13.1/STM32CubeIDE/plugins/com.st.stm32cube.ide.mcu.externaltools.gnu-tools-for-stm32.11.3.rel1.win32_1.1.0.202305231506/tools/bin/../lib/gcc/arm-none-eabi/11.3.1/thumb/v7e-m+fp/hard/crtbegin.o

.rodata         0x00000000080055e8       0x20
                0x00000000080055e8                . = ALIGN (0x4)
 *(.rodata)
 *(.rodata*)
 .rodata.AHBPrescTable
                0x00000000080055e8       0x10 ./Core/Src/system_stm32f4xx.o
                0x00000000080055e8                AHBPrescTable
 .rodata.APBPrescTable
                0x00000000080055f8        0x8 ./Core/Src/system_stm32f4xx.o
                0x00000000080055f8                APBPrescTable
 .rodata.flagBitshiftOffset.0
                0x0000000008005600        0x8 ./Drivers/STM32F4xx_HAL_Driver/Src/stm32f4xx_hal_dma.o
                0x0000000008005608                . = ALIGN (0x4)

.ARM.extab      0x0000000008005608        0x0
                0x0000000008005608                . = ALIGN (0x4)
 *(.ARM.extab* .gnu.linkonce.armextab.*)
                0x0000000008005608                . = ALIGN (0x4)

.ARM            0x0000000008005608        0x8
                0x0000000008005608                . = ALIGN (0x4)
                0x0000000008005608                __exidx_start = .
 *(.ARM.exidx*)
 .ARM.exidx     0x0000000008005608        0x8 C:/ST/STM32CubeIDE_1.13.1/STM32CubeIDE/plugins/com.st.stm32cube.ide.mcu.externaltools.gnu-tools-for-stm32.11.3.rel1.win32_1.1.0.202305231506/tools/bin/../lib/gcc/arm-none-eabi/11.3.1/thumb/v7e-m+fp/hard\libgcc.a(_udivmoddi4.o)
                0x0000000008005610                __exidx_end = .
                0x0000000008005610                . = ALIGN (0x4)

.rel.dyn        0x0000000008005610        0x0
 .rel.iplt      0x0000000008005610        0x0 C:/ST/STM32CubeIDE_1.13.1/STM32CubeIDE/plugins/com.st.stm32cube.ide.mcu.externaltools.gnu-tools-for-stm32.11.3.rel1.win32_1.1.0.202305231506/tools/bin/../lib/gcc/arm-none-eabi/11.3.1/thumb/v7e-m+fp/hard/crtbegin.o

.preinit_array  0x0000000008005610        0x0
                0x0000000008005610                . = ALIGN (0x4)
                0x0000000008005610                PROVIDE (__preinit_array_start = .)
 *(.preinit_array*)
                0x0000000008005610                PROVIDE (__preinit_array_end = .)
                0x0000000008005610                . = ALIGN (0x4)

.init_array     0x0000000008005610        0x4
                0x0000000008005610                . = ALIGN (0x4)
                0x0000000008005610                PROVIDE (__init_array_start = .)
 *(SORT_BY_NAME(.init_array.*))
 *(.init_array*)
 .init_array    0x0000000008005610        0x4 C:/ST/STM32CubeIDE_1.13.1/STM32CubeIDE/plugins/com.st.stm32cube.ide.mcu.externaltools.gnu-tools-for-stm32.11.3.rel1.win32_1.1.0.202305231506/tools/bin/../lib/gcc/arm-none-eabi/11.3.1/thumb/v7e-m+fp/hard/crtbegin.o
                0x0000000008005614                PROVIDE (__init_array_end = .)
                0x0000000008005614                . = ALIGN (0x4)

.fini_array     0x0000000008005614        0x4
                0x0000000008005614                . = ALIGN (0x4)
                [!provide]                        PROVIDE (__fini_array_start = .)
 *(SORT_BY_NAME(.fini_array.*))
 *(.fini_array*)
 .fini_array    0x0000000008005614        0x4 C:/ST/STM32CubeIDE_1.13.1/STM32CubeIDE/plugins/com.st.stm32cube.ide.mcu.externaltools.gnu-tools-for-stm32.11.3.rel1.win32_1.1.0.202305231506/tools/bin/../lib/gcc/arm-none-eabi/11.3.1/thumb/v7e-m+fp/hard/crtbegin.o
                [!provide]                        PROVIDE (__fini_array_end = .)
                0x0000000008005618                . = ALIGN (0x4)
                0x0000000008005618                _sidata = LOADADDR (.data)

.data           0x0000000020000000        0xc load address 0x0000000008005618
                0x0000000020000000                . = ALIGN (0x4)
                0x0000000020000000                _sdata = .
 *(.data)
 *(.data*)
 .data.SystemCoreClock
                0x0000000020000000        0x4 ./Core/Src/system_stm32f4xx.o
                0x0000000020000000                SystemCoreClock
 .data.uwTickPrio
                0x0000000020000004        0x4 ./Drivers/STM32F4xx_HAL_Driver/Src/stm32f4xx_hal.o
                0x0000000020000004                uwTickPrio
 .data.uwTickFreq
                0x0000000020000008        0x1 ./Drivers/STM32F4xx_HAL_Driver/Src/stm32f4xx_hal.o
                0x0000000020000008                uwTickFreq
 *(.RamFunc)
 *(.RamFunc*)
                0x000000002000000c                . = ALIGN (0x4)
 *fill*         0x0000000020000009        0x3 
                0x000000002000000c                _edata = .

.igot.plt       0x000000002000000c        0x0 load address 0x0000000008005624
 .igot.plt      0x000000002000000c        0x0 C:/ST/STM32CubeIDE_1.13.1/STM32CubeIDE/plugins/com.st.stm32cube.ide.mcu.externaltools.gnu-tools-for-stm32.11.3.rel1.win32_1.1.0.202305231506/tools/bin/../lib/gcc/arm-none-eabi/11.3.1/thumb/v7e-m+fp/hard/crtbegin.o
                0x000000002000000c                . = ALIGN (0x4)

.bss            0x000000002000000c      0x810 load address 0x0000000008005624
                0x000000002000000c                _sbss = .
                0x000000002000000c                __bss_start__ = _sbss
 *(.bss)
 .bss           0x000000002000000c       0x1c C:/ST/STM32CubeIDE_1.13.1/STM32CubeIDE/plugins/com.st.stm32cube.ide.mcu.externaltools.gnu-tools-for-stm32.11.3.rel1.win32_1.1.0.202305231506/tools/bin/../lib/gcc/arm-none-eabi/11.3.1/thumb/v7e-m+fp/hard/crtbegin.o
 *(.bss*)
 .bss.hadc1     0x0000000020000028       0x48 ./Core/Src/main.o
                0x0000000020000028                hadc1
 .bss.hdma_adc1
                0x0000000020000070       0x60 ./Core/Src/main.o
                0x0000000020000070                hdma_adc1
 .bss.hcrc      0x00000000200000d0        0x8 ./Core/Src/main.o
                0x00000000200000d0                hcrc
 .bss.hi2c2     0x00000000200000d8       0x54 ./Core/Src/main.o
                0x00000000200000d8                hi2c2
 .bss.hi2c3     0x000000002000012c       0x54 ./Core/Src/main.o
                0x000000002000012c                hi2c3
 .bss.hspi1     0x0000000020000180       0x58 ./Core/Src/main.o
                0x0000000020000180                hspi1
 .bss.hdma_spi1_tx
                0x00000000200001d8       0x60 ./Core/Src/main.o
                0x00000000200001d8                hdma_spi1_tx
 .bss.htim3     0x0000000020000238       0x48 ./Core/Src/main.o
                0x0000000020000238                htim3
 .bss.huart3    0x0000000020000280       0x44 ./Core/Src/main.o
                0x0000000020000280                huart3
 .bss.hpcd_USB_OTG_FS
                0x00000000200002c4      0x50c ./Core/Src/main.o
                0x00000000200002c4                hpcd_USB_OTG_FS
 .bss.htim1     0x00000000200007d0       0x48 ./Core/Src/stm32f4xx_hal_timebase_tim.o
                0x00000000200007d0                htim1
 .bss.uwTick    0x0000000020000818        0x4 ./Drivers/STM32F4xx_HAL_Driver/Src/stm32f4xx_hal.o
                0x0000000020000818                uwTick
 *(COMMON)
                0x000000002000081c                . = ALIGN (0x4)
                0x000000002000081c                _ebss = .
                0x000000002000081c                __bss_end__ = _ebss

._user_heap_stack
                0x000000002000081c      0x604 load address 0x0000000008005624
                0x0000000020000820                . = ALIGN (0x8)
 *fill*         0x000000002000081c        0x4 
                [!provide]                        PROVIDE (end = .)
                0x0000000020000820                PROVIDE (_end = .)
                0x0000000020000a20                . = (. + _Min_Heap_Size)
 *fill*         0x0000000020000820      0x200 
                0x0000000020000e20                . = (. + _Min_Stack_Size)
 *fill*         0x0000000020000a20      0x400 
                0x0000000020000e20                . = ALIGN (0x8)

/DISCARD/
 libc.a(*)
 libm.a(*)
 libgcc.a(*)

.ARM.attributes
                0x0000000000000000       0x30
 *(.ARM.attributes)
 .ARM.attributes
                0x0000000000000000       0x1e C:/ST/STM32CubeIDE_1.13.1/STM32CubeIDE/plugins/com.st.stm32cube.ide.mcu.externaltools.gnu-tools-for-stm32.11.3.rel1.win32_1.1.0.202305231506/tools/bin/../lib/gcc/arm-none-eabi/11.3.1/thumb/v7e-m+fp/hard/crti.o
 .ARM.attributes
                0x000000000000001e       0x34 C:/ST/STM32CubeIDE_1.13.1/STM32CubeIDE/plugins/com.st.stm32cube.ide.mcu.externaltools.gnu-tools-for-stm32.11.3.rel1.win32_1.1.0.202305231506/tools/bin/../lib/gcc/arm-none-eabi/11.3.1/thumb/v7e-m+fp/hard/crtbegin.o
 .ARM.attributes
                0x0000000000000052       0x34 ./Core/Src/main.o
 .ARM.attributes
                0x0000000000000086       0x34 ./Core/Src/stm32f4xx_hal_msp.o
 .ARM.attributes
                0x00000000000000ba       0x34 ./Core/Src/stm32f4xx_hal_timebase_tim.o
 .ARM.attributes
                0x00000000000000ee       0x34 ./Core/Src/stm32f4xx_it.o
 .ARM.attributes
                0x0000000000000122       0x34 ./Core/Src/system_stm32f4xx.o
 .ARM.attributes
                0x0000000000000156       0x21 ./Core/Startup/startup_stm32f446retx.o
 .ARM.attributes
                0x0000000000000177       0x34 ./Drivers/STM32F4xx_HAL_Driver/Src/stm32f4xx_hal.o
 .ARM.attributes
                0x00000000000001ab       0x34 ./Drivers/STM32F4xx_HAL_Driver/Src/stm32f4xx_hal_adc.o
 .ARM.attributes
                0x00000000000001df       0x34 ./Drivers/STM32F4xx_HAL_Driver/Src/stm32f4xx_hal_cortex.o
 .ARM.attributes
                0x0000000000000213       0x34 ./Drivers/STM32F4xx_HAL_Driver/Src/stm32f4xx_hal_crc.o
 .ARM.attributes
                0x0000000000000247       0x34 ./Drivers/STM32F4xx_HAL_Driver/Src/stm32f4xx_hal_dma.o
 .ARM.attributes
                0x000000000000027b       0x34 ./Drivers/STM32F4xx_HAL_Driver/Src/stm32f4xx_hal_gpio.o
 .ARM.attributes
                0x00000000000002af       0x34 ./Drivers/STM32F4xx_HAL_Driver/Src/stm32f4xx_hal_i2c.o
 .ARM.attributes
                0x00000000000002e3       0x34 ./Drivers/STM32F4xx_HAL_Driver/Src/stm32f4xx_hal_pcd.o
 .ARM.attributes
                0x0000000000000317       0x34 ./Drivers/STM32F4xx_HAL_Driver/Src/stm32f4xx_hal_pcd_ex.o
 .ARM.attributes
                0x000000000000034b       0x34 ./Drivers/STM32F4xx_HAL_Driver/Src/stm32f4xx_hal_rcc.o
 .ARM.attributes
                0x000000000000037f       0x34 ./Drivers/STM32F4xx_HAL_Driver/Src/stm32f4xx_hal_rcc_ex.o
 .ARM.attributes
                0x00000000000003b3       0x34 ./Drivers/STM32F4xx_HAL_Driver/Src/stm32f4xx_hal_spi.o
 .ARM.attributes
                0x00000000000003e7       0x34 ./Drivers/STM32F4xx_HAL_Driver/Src/stm32f4xx_hal_tim.o
 .ARM.attributes
                0x000000000000041b       0x34 ./Drivers/STM32F4xx_HAL_Driver/Src/stm32f4xx_hal_tim_ex.o
 .ARM.attributes
                0x000000000000044f       0x34 ./Drivers/STM32F4xx_HAL_Driver/Src/stm32f4xx_hal_uart.o
 .ARM.attributes
                0x0000000000000483       0x34 ./Drivers/STM32F4xx_HAL_Driver/Src/stm32f4xx_ll_usb.o
 .ARM.attributes
                0x00000000000004b7       0x34 C:/ST/STM32CubeIDE_1.13.1/STM32CubeIDE/plugins/com.st.stm32cube.ide.mcu.externaltools.gnu-tools-for-stm32.11.3.rel1.win32_1.1.0.202305231506/tools/bin/../lib/gcc/arm-none-eabi/11.3.1/../../../../arm-none-eabi/lib/thumb/v7e-m+fp/hard\libc_nano.a(libc_a-memset.o)
 .ARM.attributes
                0x00000000000004eb       0x34 C:/ST/STM32CubeIDE_1.13.1/STM32CubeIDE/plugins/com.st.stm32cube.ide.mcu.externaltools.gnu-tools-for-stm32.11.3.rel1.win32_1.1.0.202305231506/tools/bin/../lib/gcc/arm-none-eabi/11.3.1/../../../../arm-none-eabi/lib/thumb/v7e-m+fp/hard\libc_nano.a(libc_a-init.o)
 .ARM.attributes
                0x000000000000051f       0x1e C:/ST/STM32CubeIDE_1.13.1/STM32CubeIDE/plugins/com.st.stm32cube.ide.mcu.externaltools.gnu-tools-for-stm32.11.3.rel1.win32_1.1.0.202305231506/tools/bin/../lib/gcc/arm-none-eabi/11.3.1/thumb/v7e-m+fp/hard\libgcc.a(_aeabi_uldivmod.o)
 .ARM.attributes
                0x000000000000053d       0x34 C:/ST/STM32CubeIDE_1.13.1/STM32CubeIDE/plugins/com.st.stm32cube.ide.mcu.externaltools.gnu-tools-for-stm32.11.3.rel1.win32_1.1.0.202305231506/tools/bin/../lib/gcc/arm-none-eabi/11.3.1/thumb/v7e-m+fp/hard\libgcc.a(_udivmoddi4.o)
 .ARM.attributes
                0x0000000000000571       0x1e C:/ST/STM32CubeIDE_1.13.1/STM32CubeIDE/plugins/com.st.stm32cube.ide.mcu.externaltools.gnu-tools-for-stm32.11.3.rel1.win32_1.1.0.202305231506/tools/bin/../lib/gcc/arm-none-eabi/11.3.1/thumb/v7e-m+fp/hard\libgcc.a(_dvmd_tls.o)
 .ARM.attributes
                0x000000000000058f       0x1e C:/ST/STM32CubeIDE_1.13.1/STM32CubeIDE/plugins/com.st.stm32cube.ide.mcu.externaltools.gnu-tools-for-stm32.11.3.rel1.win32_1.1.0.202305231506/tools/bin/../lib/gcc/arm-none-eabi/11.3.1/thumb/v7e-m+fp/hard/crtn.o
OUTPUT(Multiparameter_Monitor.elf elf32-littlearm)
LOAD linker stubs
LOAD C:/ST/STM32CubeIDE_1.13.1/STM32CubeIDE/plugins/com.st.stm32cube.ide.mcu.externaltools.gnu-tools-for-stm32.11.3.rel1.win32_1.1.0.202305231506/tools/bin/../lib/gcc/arm-none-eabi/11.3.1/../../../../arm-none-eabi/lib/thumb/v7e-m+fp/hard\libc.a
LOAD C:/ST/STM32CubeIDE_1.13.1/STM32CubeIDE/plugins/com.st.stm32cube.ide.mcu.externaltools.gnu-tools-for-stm32.11.3.rel1.win32_1.1.0.202305231506/tools/bin/../lib/gcc/arm-none-eabi/11.3.1/../../../../arm-none-eabi/lib/thumb/v7e-m+fp/hard\libm.a
LOAD C:/ST/STM32CubeIDE_1.13.1/STM32CubeIDE/plugins/com.st.stm32cube.ide.mcu.externaltools.gnu-tools-for-stm32.11.3.rel1.win32_1.1.0.202305231506/tools/bin/../lib/gcc/arm-none-eabi/11.3.1/thumb/v7e-m+fp/hard\libgcc.a

.comment        0x0000000000000000       0x43
 .comment       0x0000000000000000       0x43 C:/ST/STM32CubeIDE_1.13.1/STM32CubeIDE/plugins/com.st.stm32cube.ide.mcu.externaltools.gnu-tools-for-stm32.11.3.rel1.win32_1.1.0.202305231506/tools/bin/../lib/gcc/arm-none-eabi/11.3.1/thumb/v7e-m+fp/hard/crtbegin.o
                                         0x44 (size before relaxing)
 .comment       0x0000000000000043       0x44 ./Core/Src/main.o
 .comment       0x0000000000000043       0x44 ./Core/Src/stm32f4xx_hal_msp.o
 .comment       0x0000000000000043       0x44 ./Core/Src/stm32f4xx_hal_timebase_tim.o
 .comment       0x0000000000000043       0x44 ./Core/Src/stm32f4xx_it.o
 .comment       0x0000000000000043       0x44 ./Core/Src/system_stm32f4xx.o
 .comment       0x0000000000000043       0x44 ./Drivers/STM32F4xx_HAL_Driver/Src/stm32f4xx_hal.o
 .comment       0x0000000000000043       0x44 ./Drivers/STM32F4xx_HAL_Driver/Src/stm32f4xx_hal_adc.o
 .comment       0x0000000000000043       0x44 ./Drivers/STM32F4xx_HAL_Driver/Src/stm32f4xx_hal_cortex.o
 .comment       0x0000000000000043       0x44 ./Drivers/STM32F4xx_HAL_Driver/Src/stm32f4xx_hal_crc.o
 .comment       0x0000000000000043       0x44 ./Drivers/STM32F4xx_HAL_Driver/Src/stm32f4xx_hal_dma.o
 .comment       0x0000000000000043       0x44 ./Drivers/STM32F4xx_HAL_Driver/Src/stm32f4xx_hal_gpio.o
 .comment       0x0000000000000043       0x44 ./Drivers/STM32F4xx_HAL_Driver/Src/stm32f4xx_hal_i2c.o
 .comment       0x0000000000000043       0x44 ./Drivers/STM32F4xx_HAL_Driver/Src/stm32f4xx_hal_pcd.o
 .comment       0x0000000000000043       0x44 ./Drivers/STM32F4xx_HAL_Driver/Src/stm32f4xx_hal_pcd_ex.o
 .comment       0x0000000000000043       0x44 ./Drivers/STM32F4xx_HAL_Driver/Src/stm32f4xx_hal_rcc.o
 .comment       0x0000000000000043       0x44 ./Drivers/STM32F4xx_HAL_Driver/Src/stm32f4xx_hal_rcc_ex.o
 .comment       0x0000000000000043       0x44 ./Drivers/STM32F4xx_HAL_Driver/Src/stm32f4xx_hal_spi.o
 .comment       0x0000000000000043       0x44 ./Drivers/STM32F4xx_HAL_Driver/Src/stm32f4xx_hal_tim.o
 .comment       0x0000000000000043       0x44 ./Drivers/STM32F4xx_HAL_Driver/Src/stm32f4xx_hal_tim_ex.o
 .comment       0x0000000000000043       0x44 ./Drivers/STM32F4xx_HAL_Driver/Src/stm32f4xx_hal_uart.o
 .comment       0x0000000000000043       0x44 ./Drivers/STM32F4xx_HAL_Driver/Src/stm32f4xx_ll_usb.o

.debug_info     0x0000000000000000    0x188ab
 .debug_info    0x0000000000000000     0x2270 ./Core/Src/main.o
 .debug_info    0x0000000000002270     0x221d ./Core/Src/stm32f4xx_hal_msp.o
 .debug_info    0x000000000000448d      0xc33 ./Core/Src/stm32f4xx_hal_timebase_tim.o
 .debug_info    0x00000000000050c0      0x9f7 ./Core/Src/stm32f4xx_it.o
 .debug_info    0x0000000000005ab7      0x54a ./Core/Src/system_stm32f4xx.o
 .debug_info    0x0000000000006001       0x23 ./Core/Startup/startup_stm32f446retx.o
 .debug_info    0x0000000000006024      0x996 ./Drivers/STM32F4xx_HAL_Driver/Src/stm32f4xx_hal.o
 .debug_info    0x00000000000069ba      0xcd4 ./Drivers/STM32F4xx_HAL_Driver/Src/stm32f4xx_hal_adc.o
 .debug_info    0x000000000000768e      0xd9b ./Drivers/STM32F4xx_HAL_Driver/Src/stm32f4xx_hal_cortex.o
 .debug_info    0x0000000000008429      0x37a ./Drivers/STM32F4xx_HAL_Driver/Src/stm32f4xx_hal_crc.o
 .debug_info    0x00000000000087a3      0x8e7 ./Drivers/STM32F4xx_HAL_Driver/Src/stm32f4xx_hal_dma.o
 .debug_info    0x000000000000908a      0x739 ./Drivers/STM32F4xx_HAL_Driver/Src/stm32f4xx_hal_gpio.o
 .debug_info    0x00000000000097c3     0x23ed ./Drivers/STM32F4xx_HAL_Driver/Src/stm32f4xx_hal_i2c.o
 .debug_info    0x000000000000bbb0     0x15d5 ./Drivers/STM32F4xx_HAL_Driver/Src/stm32f4xx_hal_pcd.o
 .debug_info    0x000000000000d185      0x79e ./Drivers/STM32F4xx_HAL_Driver/Src/stm32f4xx_hal_pcd_ex.o
 .debug_info    0x000000000000d923      0x916 ./Drivers/STM32F4xx_HAL_Driver/Src/stm32f4xx_hal_rcc.o
 .debug_info    0x000000000000e239      0x975 ./Drivers/STM32F4xx_HAL_Driver/Src/stm32f4xx_hal_rcc_ex.o
 .debug_info    0x000000000000ebae     0x15fb ./Drivers/STM32F4xx_HAL_Driver/Src/stm32f4xx_hal_spi.o
 .debug_info    0x00000000000101a9     0x2948 ./Drivers/STM32F4xx_HAL_Driver/Src/stm32f4xx_hal_tim.o
 .debug_info    0x0000000000012af1     0x14ae ./Drivers/STM32F4xx_HAL_Driver/Src/stm32f4xx_hal_tim_ex.o
 .debug_info    0x0000000000013f9f     0x2fb8 ./Drivers/STM32F4xx_HAL_Driver/Src/stm32f4xx_hal_uart.o
 .debug_info    0x0000000000016f57     0x1954 ./Drivers/STM32F4xx_HAL_Driver/Src/stm32f4xx_ll_usb.o

.debug_abbrev   0x0000000000000000     0x31a9
 .debug_abbrev  0x0000000000000000      0x358 ./Core/Src/main.o
 .debug_abbrev  0x0000000000000358      0x2db ./Core/Src/stm32f4xx_hal_msp.o
 .debug_abbrev  0x0000000000000633      0x1f5 ./Core/Src/stm32f4xx_hal_timebase_tim.o
 .debug_abbrev  0x0000000000000828      0x194 ./Core/Src/stm32f4xx_it.o
 .debug_abbrev  0x00000000000009bc      0x11a ./Core/Src/system_stm32f4xx.o
 .debug_abbrev  0x0000000000000ad6       0x12 ./Core/Startup/startup_stm32f446retx.o
 .debug_abbrev  0x0000000000000ae8      0x214 ./Drivers/STM32F4xx_HAL_Driver/Src/stm32f4xx_hal.o
 .debug_abbrev  0x0000000000000cfc      0x252 ./Drivers/STM32F4xx_HAL_Driver/Src/stm32f4xx_hal_adc.o
 .debug_abbrev  0x0000000000000f4e      0x324 ./Drivers/STM32F4xx_HAL_Driver/Src/stm32f4xx_hal_cortex.o
 .debug_abbrev  0x0000000000001272      0x1a8 ./Drivers/STM32F4xx_HAL_Driver/Src/stm32f4xx_hal_crc.o
 .debug_abbrev  0x000000000000141a      0x264 ./Drivers/STM32F4xx_HAL_Driver/Src/stm32f4xx_hal_dma.o
 .debug_abbrev  0x000000000000167e      0x1d3 ./Drivers/STM32F4xx_HAL_Driver/Src/stm32f4xx_hal_gpio.o
 .debug_abbrev  0x0000000000001851      0x2ad ./Drivers/STM32F4xx_HAL_Driver/Src/stm32f4xx_hal_i2c.o
 .debug_abbrev  0x0000000000001afe      0x2e6 ./Drivers/STM32F4xx_HAL_Driver/Src/stm32f4xx_hal_pcd.o
 .debug_abbrev  0x0000000000001de4      0x1dc ./Drivers/STM32F4xx_HAL_Driver/Src/stm32f4xx_hal_pcd_ex.o
 .debug_abbrev  0x0000000000001fc0      0x2b5 ./Drivers/STM32F4xx_HAL_Driver/Src/stm32f4xx_hal_rcc.o
 .debug_abbrev  0x0000000000002275      0x209 ./Drivers/STM32F4xx_HAL_Driver/Src/stm32f4xx_hal_rcc_ex.o
 .debug_abbrev  0x000000000000247e      0x284 ./Drivers/STM32F4xx_HAL_Driver/Src/stm32f4xx_hal_spi.o
 .debug_abbrev  0x0000000000002702      0x271 ./Drivers/STM32F4xx_HAL_Driver/Src/stm32f4xx_hal_tim.o
 .debug_abbrev  0x0000000000002973      0x27c ./Drivers/STM32F4xx_HAL_Driver/Src/stm32f4xx_hal_tim_ex.o
 .debug_abbrev  0x0000000000002bef      0x30e ./Drivers/STM32F4xx_HAL_Driver/Src/stm32f4xx_hal_uart.o
 .debug_abbrev  0x0000000000002efd      0x2ac ./Drivers/STM32F4xx_HAL_Driver/Src/stm32f4xx_ll_usb.o

.debug_aranges  0x0000000000000000     0x1620
 .debug_aranges
                0x0000000000000000       0x88 ./Core/Src/main.o
 .debug_aranges
                0x0000000000000088       0x98 ./Core/Src/stm32f4xx_hal_msp.o
 .debug_aranges
                0x0000000000000120       0x30 ./Core/Src/stm32f4xx_hal_timebase_tim.o
 .debug_aranges
                0x0000000000000150       0x80 ./Core/Src/stm32f4xx_it.o
 .debug_aranges
                0x00000000000001d0       0x28 ./Core/Src/system_stm32f4xx.o
 .debug_aranges
                0x00000000000001f8       0x28 ./Core/Startup/startup_stm32f446retx.o
 .debug_aranges
                0x0000000000000220       0xf0 ./Drivers/STM32F4xx_HAL_Driver/Src/stm32f4xx_hal.o
 .debug_aranges
                0x0000000000000310       0xe8 ./Drivers/STM32F4xx_HAL_Driver/Src/stm32f4xx_hal_adc.o
 .debug_aranges
                0x00000000000003f8      0x118 ./Drivers/STM32F4xx_HAL_Driver/Src/stm32f4xx_hal_cortex.o
 .debug_aranges
                0x0000000000000510       0x50 ./Drivers/STM32F4xx_HAL_Driver/Src/stm32f4xx_hal_crc.o
 .debug_aranges
                0x0000000000000560       0x90 ./Drivers/STM32F4xx_HAL_Driver/Src/stm32f4xx_hal_dma.o
 .debug_aranges
                0x00000000000005f0       0x58 ./Drivers/STM32F4xx_HAL_Driver/Src/stm32f4xx_hal_gpio.o
 .debug_aranges
                0x0000000000000648      0x2a0 ./Drivers/STM32F4xx_HAL_Driver/Src/stm32f4xx_hal_i2c.o
 .debug_aranges
                0x00000000000008e8      0x148 ./Drivers/STM32F4xx_HAL_Driver/Src/stm32f4xx_hal_pcd.o
 .debug_aranges
                0x0000000000000a30       0x48 ./Drivers/STM32F4xx_HAL_Driver/Src/stm32f4xx_hal_pcd_ex.o
 .debug_aranges
                0x0000000000000a78       0x88 ./Drivers/STM32F4xx_HAL_Driver/Src/stm32f4xx_hal_rcc.o
 .debug_aranges
                0x0000000000000b00       0x78 ./Drivers/STM32F4xx_HAL_Driver/Src/stm32f4xx_hal_rcc_ex.o
 .debug_aranges
                0x0000000000000b78      0x1d0 ./Drivers/STM32F4xx_HAL_Driver/Src/stm32f4xx_hal_spi.o
 .debug_aranges
                0x0000000000000d48      0x3d0 ./Drivers/STM32F4xx_HAL_Driver/Src/stm32f4xx_hal_tim.o
 .debug_aranges
                0x0000000000001118      0x168 ./Drivers/STM32F4xx_HAL_Driver/Src/stm32f4xx_hal_tim_ex.o
 .debug_aranges
                0x0000000000001280      0x200 ./Drivers/STM32F4xx_HAL_Driver/Src/stm32f4xx_hal_uart.o
 .debug_aranges
                0x0000000000001480      0x1a0 ./Drivers/STM32F4xx_HAL_Driver/Src/stm32f4xx_ll_usb.o

.debug_rnglists
                0x0000000000000000     0x1172
 .debug_rnglists
                0x0000000000000000       0x65 ./Core/Src/main.o
 .debug_rnglists
                0x0000000000000065       0x73 ./Core/Src/stm32f4xx_hal_msp.o
 .debug_rnglists
                0x00000000000000d8       0x20 ./Core/Src/stm32f4xx_hal_timebase_tim.o
 .debug_rnglists
                0x00000000000000f8       0x5b ./Core/Src/stm32f4xx_it.o
 .debug_rnglists
                0x0000000000000153       0x1a ./Core/Src/system_stm32f4xx.o
 .debug_rnglists
                0x000000000000016d       0x19 ./Core/Startup/startup_stm32f446retx.o
 .debug_rnglists
                0x0000000000000186       0xaf ./Drivers/STM32F4xx_HAL_Driver/Src/stm32f4xx_hal.o
 .debug_rnglists
                0x0000000000000235       0xb5 ./Drivers/STM32F4xx_HAL_Driver/Src/stm32f4xx_hal_adc.o
 .debug_rnglists
                0x00000000000002ea       0xce ./Drivers/STM32F4xx_HAL_Driver/Src/stm32f4xx_hal_cortex.o
 .debug_rnglists
                0x00000000000003b8       0x37 ./Drivers/STM32F4xx_HAL_Driver/Src/stm32f4xx_hal_crc.o
 .debug_rnglists
                0x00000000000003ef       0x70 ./Drivers/STM32F4xx_HAL_Driver/Src/stm32f4xx_hal_dma.o
 .debug_rnglists
                0x000000000000045f       0x3f ./Drivers/STM32F4xx_HAL_Driver/Src/stm32f4xx_hal_gpio.o
 .debug_rnglists
                0x000000000000049e      0x235 ./Drivers/STM32F4xx_HAL_Driver/Src/stm32f4xx_hal_i2c.o
 .debug_rnglists
                0x00000000000006d3       0xfc ./Drivers/STM32F4xx_HAL_Driver/Src/stm32f4xx_hal_pcd.o
 .debug_rnglists
                0x00000000000007cf       0x32 ./Drivers/STM32F4xx_HAL_Driver/Src/stm32f4xx_hal_pcd_ex.o
 .debug_rnglists
                0x0000000000000801       0x66 ./Drivers/STM32F4xx_HAL_Driver/Src/stm32f4xx_hal_rcc.o
 .debug_rnglists
                0x0000000000000867       0x5e ./Drivers/STM32F4xx_HAL_Driver/Src/stm32f4xx_hal_rcc_ex.o
 .debug_rnglists
                0x00000000000008c5      0x16f ./Drivers/STM32F4xx_HAL_Driver/Src/stm32f4xx_hal_spi.o
 .debug_rnglists
                0x0000000000000a34      0x31a ./Drivers/STM32F4xx_HAL_Driver/Src/stm32f4xx_hal_tim.o
 .debug_rnglists
                0x0000000000000d4e      0x125 ./Drivers/STM32F4xx_HAL_Driver/Src/stm32f4xx_hal_tim_ex.o
 .debug_rnglists
                0x0000000000000e73      0x1b7 ./Drivers/STM32F4xx_HAL_Driver/Src/stm32f4xx_hal_uart.o
 .debug_rnglists
                0x000000000000102a      0x148 ./Drivers/STM32F4xx_HAL_Driver/Src/stm32f4xx_ll_usb.o

.debug_macro    0x0000000000000000    0x32260
 .debug_macro   0x0000000000000000      0xe07 ./Core/Src/main.o
 .debug_macro   0x0000000000000e07      0x2b9 ./Core/Src/main.o
 .debug_macro   0x00000000000010c0       0x2e ./Core/Src/main.o
 .debug_macro   0x00000000000010ee       0x28 ./Core/Src/main.o
 .debug_macro   0x0000000000001116       0x22 ./Core/Src/main.o
 .debug_macro   0x0000000000001138       0x8e ./Core/Src/main.o
 .debug_macro   0x00000000000011c6       0x51 ./Core/Src/main.o
 .debug_macro   0x0000000000001217      0x103 ./Core/Src/main.o
 .debug_macro   0x000000000000131a       0x6a ./Core/Src/main.o
 .debug_macro   0x0000000000001384      0x1df ./Core/Src/main.o
 .debug_macro   0x0000000000001563       0x1c ./Core/Src/main.o
 .debug_macro   0x000000000000157f       0x22 ./Core/Src/main.o
 .debug_macro   0x00000000000015a1       0xd9 ./Core/Src/main.o
 .debug_macro   0x000000000000167a     0x102d ./Core/Src/main.o
 .debug_macro   0x00000000000026a7      0x11f ./Core/Src/main.o
 .debug_macro   0x00000000000027c6    0x16749 ./Core/Src/main.o
 .debug_macro   0x0000000000018f0f       0x6d ./Core/Src/main.o
 .debug_macro   0x0000000000018f7c     0x367e ./Core/Src/main.o
 .debug_macro   0x000000000001c5fa      0x174 ./Core/Src/main.o
 .debug_macro   0x000000000001c76e       0x5c ./Core/Src/main.o
 .debug_macro   0x000000000001c7ca      0xc90 ./Core/Src/main.o
 .debug_macro   0x000000000001d45a      0x9fe ./Core/Src/main.o
 .debug_macro   0x000000000001de58      0x115 ./Core/Src/main.o
 .debug_macro   0x000000000001df6d      0x1a0 ./Core/Src/main.o
 .debug_macro   0x000000000001e10d       0xa5 ./Core/Src/main.o
 .debug_macro   0x000000000001e1b2      0x16d ./Core/Src/main.o
 .debug_macro   0x000000000001e31f      0x287 ./Core/Src/main.o
 .debug_macro   0x000000000001e5a6       0x5f ./Core/Src/main.o
 .debug_macro   0x000000000001e605      0x236 ./Core/Src/main.o
 .debug_macro   0x000000000001e83b      0xb5b ./Core/Src/main.o
 .debug_macro   0x000000000001f396      0x38b ./Core/Src/main.o
 .debug_macro   0x000000000001f721      0x17d ./Core/Src/main.o
 .debug_macro   0x000000000001f89e       0xf9 ./Core/Src/main.o
 .debug_macro   0x000000000001f997       0x22 ./Core/Src/main.o
 .debug_macro   0x000000000001f9b9      0x132 ./Core/Src/main.o
 .debug_macro   0x000000000001faeb      0x29c ./Core/Src/main.o
 .debug_macro   0x000000000001fd87       0x2e ./Core/Src/main.o
 .debug_macro   0x000000000001fdb5      0x1b5 ./Core/Src/main.o
 .debug_macro   0x000000000001ff6a       0x22 ./Core/Src/main.o
 .debug_macro   0x000000000001ff8c       0xd6 ./Core/Src/main.o
 .debug_macro   0x0000000000020062      0x11a ./Core/Src/main.o
 .debug_macro   0x000000000002017c       0xe8 ./Core/Src/main.o
 .debug_macro   0x0000000000020264       0x89 ./Core/Src/main.o
 .debug_macro   0x00000000000202ed      0x225 ./Core/Src/main.o
 .debug_macro   0x0000000000020512      0x8e6 ./Core/Src/main.o
 .debug_macro   0x0000000000020df8       0x4d ./Core/Src/main.o
 .debug_macro   0x0000000000020e45      0x295 ./Core/Src/main.o
 .debug_macro   0x00000000000210da      0x248 ./Core/Src/main.o
 .debug_macro   0x0000000000021322       0xba ./Core/Src/main.o
 .debug_macro   0x00000000000213dc      0x126 ./Core/Src/main.o
 .debug_macro   0x0000000000021502       0xc4 ./Core/Src/main.o
 .debug_macro   0x00000000000215c6       0x61 ./Core/Src/main.o
 .debug_macro   0x0000000000021627       0x2a ./Core/Src/main.o
 .debug_macro   0x0000000000021651       0x43 ./Core/Src/main.o
 .debug_macro   0x0000000000021694       0x34 ./Core/Src/main.o
 .debug_macro   0x00000000000216c8       0x16 ./Core/Src/main.o
 .debug_macro   0x00000000000216de       0x35 ./Core/Src/main.o
 .debug_macro   0x0000000000021713      0x369 ./Core/Src/main.o
 .debug_macro   0x0000000000021a7c       0x10 ./Core/Src/main.o
 .debug_macro   0x0000000000021a8c       0x16 ./Core/Src/main.o
 .debug_macro   0x0000000000021aa2       0x43 ./Core/Src/main.o
 .debug_macro   0x0000000000021ae5       0x34 ./Core/Src/main.o
 .debug_macro   0x0000000000021b19       0x10 ./Core/Src/main.o
 .debug_macro   0x0000000000021b29       0x58 ./Core/Src/main.o
 .debug_macro   0x0000000000021b81       0x8e ./Core/Src/main.o
 .debug_macro   0x0000000000021c0f       0x1c ./Core/Src/main.o
 .debug_macro   0x0000000000021c2b      0x177 ./Core/Src/main.o
 .debug_macro   0x0000000000021da2       0x16 ./Core/Src/main.o
 .debug_macro   0x0000000000021db8       0x16 ./Core/Src/main.o
 .debug_macro   0x0000000000021dce      0x147 ./Core/Src/main.o
 .debug_macro   0x0000000000021f15       0x16 ./Core/Src/main.o
 .debug_macro   0x0000000000021f2b       0x20 ./Core/Src/main.o
 .debug_macro   0x0000000000021f4b      0xcf5 ./Core/Src/stm32f4xx_hal_msp.o
 .debug_macro   0x0000000000022c40      0xce6 ./Core/Src/stm32f4xx_hal_timebase_tim.o
 .debug_macro   0x0000000000023926      0xcff ./Core/Src/stm32f4xx_it.o
 .debug_macro   0x0000000000024625      0xce6 ./Core/Src/system_stm32f4xx.o
 .debug_macro   0x000000000002530b      0xd46 ./Drivers/STM32F4xx_HAL_Driver/Src/stm32f4xx_hal.o
 .debug_macro   0x0000000000026051      0xce7 ./Drivers/STM32F4xx_HAL_Driver/Src/stm32f4xx_hal_adc.o
 .debug_macro   0x0000000000026d38      0xce6 ./Drivers/STM32F4xx_HAL_Driver/Src/stm32f4xx_hal_cortex.o
 .debug_macro   0x0000000000027a1e      0xce6 ./Drivers/STM32F4xx_HAL_Driver/Src/stm32f4xx_hal_crc.o
 .debug_macro   0x0000000000028704      0xcec ./Drivers/STM32F4xx_HAL_Driver/Src/stm32f4xx_hal_dma.o
 .debug_macro   0x00000000000293f0      0xcec ./Drivers/STM32F4xx_HAL_Driver/Src/stm32f4xx_hal_gpio.o
 .debug_macro   0x000000000002a0dc      0xd2d ./Drivers/STM32F4xx_HAL_Driver/Src/stm32f4xx_hal_i2c.o
 .debug_macro   0x000000000002ae09      0xcf2 ./Drivers/STM32F4xx_HAL_Driver/Src/stm32f4xx_hal_pcd.o
 .debug_macro   0x000000000002bafb      0xce6 ./Drivers/STM32F4xx_HAL_Driver/Src/stm32f4xx_hal_pcd_ex.o
 .debug_macro   0x000000000002c7e1      0xd0a ./Drivers/STM32F4xx_HAL_Driver/Src/stm32f4xx_hal_rcc.o
 .debug_macro   0x000000000002d4eb      0xce6 ./Drivers/STM32F4xx_HAL_Driver/Src/stm32f4xx_hal_rcc_ex.o
 .debug_macro   0x000000000002e1d1      0xcf5 ./Drivers/STM32F4xx_HAL_Driver/Src/stm32f4xx_hal_spi.o
 .debug_macro   0x000000000002eec6      0xce7 ./Drivers/STM32F4xx_HAL_Driver/Src/stm32f4xx_hal_tim.o
 .debug_macro   0x000000000002fbad      0xce6 ./Drivers/STM32F4xx_HAL_Driver/Src/stm32f4xx_hal_tim_ex.o
 .debug_macro   0x0000000000030893      0xce7 ./Drivers/STM32F4xx_HAL_Driver/Src/stm32f4xx_hal_uart.o
 .debug_macro   0x000000000003157a      0xce6 ./Drivers/STM32F4xx_HAL_Driver/Src/stm32f4xx_ll_usb.o

.debug_line     0x0000000000000000    0x21657
 .debug_line    0x0000000000000000      0xde0 ./Core/Src/main.o
 .debug_line    0x0000000000000de0      0xcb6 ./Core/Src/stm32f4xx_hal_msp.o
 .debug_line    0x0000000000001a96      0x8cb ./Core/Src/stm32f4xx_hal_timebase_tim.o
 .debug_line    0x0000000000002361      0x951 ./Core/Src/stm32f4xx_it.o
 .debug_line    0x0000000000002cb2      0x8b9 ./Core/Src/system_stm32f4xx.o
 .debug_line    0x000000000000356b       0x7a ./Core/Startup/startup_stm32f446retx.o
 .debug_line    0x00000000000035e5      0xb51 ./Drivers/STM32F4xx_HAL_Driver/Src/stm32f4xx_hal.o
 .debug_line    0x0000000000004136     0x16d5 ./Drivers/STM32F4xx_HAL_Driver/Src/stm32f4xx_hal_adc.o
 .debug_line    0x000000000000580b      0xdcc ./Drivers/STM32F4xx_HAL_Driver/Src/stm32f4xx_hal_cortex.o
 .debug_line    0x00000000000065d7      0x999 ./Drivers/STM32F4xx_HAL_Driver/Src/stm32f4xx_hal_crc.o
 .debug_line    0x0000000000006f70     0x10f8 ./Drivers/STM32F4xx_HAL_Driver/Src/stm32f4xx_hal_dma.o
 .debug_line    0x0000000000008068      0xca2 ./Drivers/STM32F4xx_HAL_Driver/Src/stm32f4xx_hal_gpio.o
 .debug_line    0x0000000000008d0a     0x4fb6 ./Drivers/STM32F4xx_HAL_Driver/Src/stm32f4xx_hal_i2c.o
 .debug_line    0x000000000000dcc0     0x17ba ./Drivers/STM32F4xx_HAL_Driver/Src/stm32f4xx_hal_pcd.o
 .debug_line    0x000000000000f47a      0x945 ./Drivers/STM32F4xx_HAL_Driver/Src/stm32f4xx_hal_pcd_ex.o
 .debug_line    0x000000000000fdbf     0x1103 ./Drivers/STM32F4xx_HAL_Driver/Src/stm32f4xx_hal_rcc.o
 .debug_line    0x0000000000010ec2     0x1a77 ./Drivers/STM32F4xx_HAL_Driver/Src/stm32f4xx_hal_rcc_ex.o
 .debug_line    0x0000000000012939     0x23a3 ./Drivers/STM32F4xx_HAL_Driver/Src/stm32f4xx_hal_spi.o
 .debug_line    0x0000000000014cdc     0x4db5 ./Drivers/STM32F4xx_HAL_Driver/Src/stm32f4xx_hal_tim.o
 .debug_line    0x0000000000019a91     0x27e2 ./Drivers/STM32F4xx_HAL_Driver/Src/stm32f4xx_hal_tim_ex.o
 .debug_line    0x000000000001c273     0x3633 ./Drivers/STM32F4xx_HAL_Driver/Src/stm32f4xx_hal_uart.o
 .debug_line    0x000000000001f8a6     0x1db1 ./Drivers/STM32F4xx_HAL_Driver/Src/stm32f4xx_ll_usb.o

.debug_str      0x0000000000000000    0xe3b84
 .debug_str     0x0000000000000000    0xdec10 ./Core/Src/main.o
                                      0xdf03f (size before relaxing)
 .debug_str     0x00000000000dec10      0x322 ./Core/Src/stm32f4xx_hal_msp.o
                                      0xdb789 (size before relaxing)
 .debug_str     0x00000000000def32       0xf7 ./Core/Src/stm32f4xx_hal_timebase_tim.o
                                      0xda5ea (size before relaxing)
 .debug_str     0x00000000000df029      0x14f ./Core/Src/stm32f4xx_it.o
                                      0xda484 (size before relaxing)
 .debug_str     0x00000000000df178       0xdb ./Core/Src/system_stm32f4xx.o
                                      0xd9ac2 (size before relaxing)
 .debug_str     0x00000000000df253       0x34 ./Core/Startup/startup_stm32f446retx.o
                                         0xa1 (size before relaxing)
 .debug_str     0x00000000000df287      0x5c9 ./Drivers/STM32F4xx_HAL_Driver/Src/stm32f4xx_hal.o
                                      0xda687 (size before relaxing)
 .debug_str     0x00000000000df850      0x2c5 ./Drivers/STM32F4xx_HAL_Driver/Src/stm32f4xx_hal_adc.o
                                      0xda08a (size before relaxing)
 .debug_str     0x00000000000dfb15      0x326 ./Drivers/STM32F4xx_HAL_Driver/Src/stm32f4xx_hal_cortex.o
                                      0xda395 (size before relaxing)
 .debug_str     0x00000000000dfe3b       0x9d ./Drivers/STM32F4xx_HAL_Driver/Src/stm32f4xx_hal_crc.o
                                      0xd9acb (size before relaxing)
 .debug_str     0x00000000000dfed8      0x2c7 ./Drivers/STM32F4xx_HAL_Driver/Src/stm32f4xx_hal_dma.o
                                      0xd9eb7 (size before relaxing)
 .debug_str     0x00000000000e019f      0x11c ./Drivers/STM32F4xx_HAL_Driver/Src/stm32f4xx_hal_gpio.o
                                      0xd9c3d (size before relaxing)
 .debug_str     0x00000000000e02bb      0xa9f ./Drivers/STM32F4xx_HAL_Driver/Src/stm32f4xx_hal_i2c.o
                                      0xdaa6d (size before relaxing)
 .debug_str     0x00000000000e0d5a      0x832 ./Drivers/STM32F4xx_HAL_Driver/Src/stm32f4xx_hal_pcd.o
                                      0xda5b7 (size before relaxing)
 .debug_str     0x00000000000e158c      0x12d ./Drivers/STM32F4xx_HAL_Driver/Src/stm32f4xx_hal_pcd_ex.o
                                      0xd9eb8 (size before relaxing)
 .debug_str     0x00000000000e16b9      0x1c9 ./Drivers/STM32F4xx_HAL_Driver/Src/stm32f4xx_hal_rcc.o
                                      0xd9efb (size before relaxing)
 .debug_str     0x00000000000e1882      0x19d ./Drivers/STM32F4xx_HAL_Driver/Src/stm32f4xx_hal_rcc_ex.o
                                      0xd9f2e (size before relaxing)
 .debug_str     0x00000000000e1a1f      0x53f ./Drivers/STM32F4xx_HAL_Driver/Src/stm32f4xx_hal_spi.o
                                      0xda361 (size before relaxing)
 .debug_str     0x00000000000e1f5e      0xd6f ./Drivers/STM32F4xx_HAL_Driver/Src/stm32f4xx_hal_tim.o
                                      0xdae17 (size before relaxing)
 .debug_str     0x00000000000e2ccd      0x493 ./Drivers/STM32F4xx_HAL_Driver/Src/stm32f4xx_hal_tim_ex.o
                                      0xda633 (size before relaxing)
 .debug_str     0x00000000000e3160      0x5e9 ./Drivers/STM32F4xx_HAL_Driver/Src/stm32f4xx_hal_uart.o
                                      0xda470 (size before relaxing)
 .debug_str     0x00000000000e3749      0x43b ./Drivers/STM32F4xx_HAL_Driver/Src/stm32f4xx_ll_usb.o
                                      0xda400 (size before relaxing)

.debug_frame    0x0000000000000000     0x5fe0
 .debug_frame   0x0000000000000000      0x1c4 ./Core/Src/main.o
 .debug_frame   0x00000000000001c4      0x268 ./Core/Src/stm32f4xx_hal_msp.o
 .debug_frame   0x000000000000042c       0x74 ./Core/Src/stm32f4xx_hal_timebase_tim.o
 .debug_frame   0x00000000000004a0      0x178 ./Core/Src/stm32f4xx_it.o
 .debug_frame   0x0000000000000618       0x58 ./Core/Src/system_stm32f4xx.o
 .debug_frame   0x0000000000000670      0x374 ./Drivers/STM32F4xx_HAL_Driver/Src/stm32f4xx_hal.o
 .debug_frame   0x00000000000009e4      0x3fc ./Drivers/STM32F4xx_HAL_Driver/Src/stm32f4xx_hal_adc.o
 .debug_frame   0x0000000000000de0      0x498 ./Drivers/STM32F4xx_HAL_Driver/Src/stm32f4xx_hal_cortex.o
 .debug_frame   0x0000000000001278      0x120 ./Drivers/STM32F4xx_HAL_Driver/Src/stm32f4xx_hal_crc.o
 .debug_frame   0x0000000000001398      0x250 ./Drivers/STM32F4xx_HAL_Driver/Src/stm32f4xx_hal_dma.o
 .debug_frame   0x00000000000015e8      0x14c ./Drivers/STM32F4xx_HAL_Driver/Src/stm32f4xx_hal_gpio.o
 .debug_frame   0x0000000000001734      0xc5c ./Drivers/STM32F4xx_HAL_Driver/Src/stm32f4xx_hal_i2c.o
 .debug_frame   0x0000000000002390      0x5bc ./Drivers/STM32F4xx_HAL_Driver/Src/stm32f4xx_hal_pcd.o
 .debug_frame   0x000000000000294c      0x100 ./Drivers/STM32F4xx_HAL_Driver/Src/stm32f4xx_hal_pcd_ex.o
 .debug_frame   0x0000000000002a4c      0x1f4 ./Drivers/STM32F4xx_HAL_Driver/Src/stm32f4xx_hal_rcc.o
 .debug_frame   0x0000000000002c40      0x1e8 ./Drivers/STM32F4xx_HAL_Driver/Src/stm32f4xx_hal_rcc_ex.o
 .debug_frame   0x0000000000002e28      0x824 ./Drivers/STM32F4xx_HAL_Driver/Src/stm32f4xx_hal_spi.o
 .debug_frame   0x000000000000364c     0x11c4 ./Drivers/STM32F4xx_HAL_Driver/Src/stm32f4xx_hal_tim.o
 .debug_frame   0x0000000000004810      0x638 ./Drivers/STM32F4xx_HAL_Driver/Src/stm32f4xx_hal_tim_ex.o
 .debug_frame   0x0000000000004e48      0x92c ./Drivers/STM32F4xx_HAL_Driver/Src/stm32f4xx_hal_uart.o
 .debug_frame   0x0000000000005774      0x7c0 ./Drivers/STM32F4xx_HAL_Driver/Src/stm32f4xx_ll_usb.o
 .debug_frame   0x0000000000005f34       0x20 C:/ST/STM32CubeIDE_1.13.1/STM32CubeIDE/plugins/com.st.stm32cube.ide.mcu.externaltools.gnu-tools-for-stm32.11.3.rel1.win32_1.1.0.202305231506/tools/bin/../lib/gcc/arm-none-eabi/11.3.1/../../../../arm-none-eabi/lib/thumb/v7e-m+fp/hard\libc_nano.a(libc_a-memset.o)
 .debug_frame   0x0000000000005f54       0x2c C:/ST/STM32CubeIDE_1.13.1/STM32CubeIDE/plugins/com.st.stm32cube.ide.mcu.externaltools.gnu-tools-for-stm32.11.3.rel1.win32_1.1.0.202305231506/tools/bin/../lib/gcc/arm-none-eabi/11.3.1/../../../../arm-none-eabi/lib/thumb/v7e-m+fp/hard\libc_nano.a(libc_a-init.o)
 .debug_frame   0x0000000000005f80       0x2c C:/ST/STM32CubeIDE_1.13.1/STM32CubeIDE/plugins/com.st.stm32cube.ide.mcu.externaltools.gnu-tools-for-stm32.11.3.rel1.win32_1.1.0.202305231506/tools/bin/../lib/gcc/arm-none-eabi/11.3.1/thumb/v7e-m+fp/hard\libgcc.a(_aeabi_uldivmod.o)
 .debug_frame   0x0000000000005fac       0x34 C:/ST/STM32CubeIDE_1.13.1/STM32CubeIDE/plugins/com.st.stm32cube.ide.mcu.externaltools.gnu-tools-for-stm32.11.3.rel1.win32_1.1.0.202305231506/tools/bin/../lib/gcc/arm-none-eabi/11.3.1/thumb/v7e-m+fp/hard\libgcc.a(_udivmoddi4.o)

.debug_line_str
                0x0000000000000000       0x95
 .debug_line_str
                0x0000000000000000       0x95 ./Core/Startup/startup_stm32f446retx.o
                                         0xad (size before relaxing)
